Archive member included to satisfy reference by file (symbol)

c:/st/stm32cubeide_1.7.0/stm32cubeide/plugins/com.st.stm32cube.ide.mcu.externaltools.gnu-tools-for-stm32.9-2020-q2-update.win32_2.0.0.202105311346/tools/bin/../lib/gcc/arm-none-eabi/9.3.1/../../../../arm-none-eabi/lib/thumb/v7e-m+fp/hard\libc_nano.a(lib_a-errno.o)
                              ./Core/Src/syscalls.o (__errno)
c:/st/stm32cubeide_1.7.0/stm32cubeide/plugins/com.st.stm32cube.ide.mcu.externaltools.gnu-tools-for-stm32.9-2020-q2-update.win32_2.0.0.202105311346/tools/bin/../lib/gcc/arm-none-eabi/9.3.1/../../../../arm-none-eabi/lib/thumb/v7e-m+fp/hard\libc_nano.a(lib_a-exit.o)
                              c:/st/stm32cubeide_1.7.0/stm32cubeide/plugins/com.st.stm32cube.ide.mcu.externaltools.gnu-tools-for-stm32.9-2020-q2-update.win32_2.0.0.202105311346/tools/bin/../lib/gcc/arm-none-eabi/9.3.1/../../../../arm-none-eabi/lib/thumb/v7e-m+fp/hard/crt0.o (exit)
c:/st/stm32cubeide_1.7.0/stm32cubeide/plugins/com.st.stm32cube.ide.mcu.externaltools.gnu-tools-for-stm32.9-2020-q2-update.win32_2.0.0.202105311346/tools/bin/../lib/gcc/arm-none-eabi/9.3.1/../../../../arm-none-eabi/lib/thumb/v7e-m+fp/hard\libc_nano.a(lib_a-impure.o)
                              c:/st/stm32cubeide_1.7.0/stm32cubeide/plugins/com.st.stm32cube.ide.mcu.externaltools.gnu-tools-for-stm32.9-2020-q2-update.win32_2.0.0.202105311346/tools/bin/../lib/gcc/arm-none-eabi/9.3.1/../../../../arm-none-eabi/lib/thumb/v7e-m+fp/hard\libc_nano.a(lib_a-exit.o) (_global_impure_ptr)
c:/st/stm32cubeide_1.7.0/stm32cubeide/plugins/com.st.stm32cube.ide.mcu.externaltools.gnu-tools-for-stm32.9-2020-q2-update.win32_2.0.0.202105311346/tools/bin/../lib/gcc/arm-none-eabi/9.3.1/../../../../arm-none-eabi/lib/thumb/v7e-m+fp/hard\libc_nano.a(lib_a-init.o)
                              c:/st/stm32cubeide_1.7.0/stm32cubeide/plugins/com.st.stm32cube.ide.mcu.externaltools.gnu-tools-for-stm32.9-2020-q2-update.win32_2.0.0.202105311346/tools/bin/../lib/gcc/arm-none-eabi/9.3.1/../../../../arm-none-eabi/lib/thumb/v7e-m+fp/hard/crt0.o (__libc_init_array)
c:/st/stm32cubeide_1.7.0/stm32cubeide/plugins/com.st.stm32cube.ide.mcu.externaltools.gnu-tools-for-stm32.9-2020-q2-update.win32_2.0.0.202105311346/tools/bin/../lib/gcc/arm-none-eabi/9.3.1/../../../../arm-none-eabi/lib/thumb/v7e-m+fp/hard\libc_nano.a(lib_a-memset.o)
                              c:/st/stm32cubeide_1.7.0/stm32cubeide/plugins/com.st.stm32cube.ide.mcu.externaltools.gnu-tools-for-stm32.9-2020-q2-update.win32_2.0.0.202105311346/tools/bin/../lib/gcc/arm-none-eabi/9.3.1/../../../../arm-none-eabi/lib/thumb/v7e-m+fp/hard/crt0.o (memset)
c:/st/stm32cubeide_1.7.0/stm32cubeide/plugins/com.st.stm32cube.ide.mcu.externaltools.gnu-tools-for-stm32.9-2020-q2-update.win32_2.0.0.202105311346/tools/bin/../lib/gcc/arm-none-eabi/9.3.1/../../../../arm-none-eabi/lib/thumb/v7e-m+fp/hard\libc_nano.a(lib_a-snprintf.o)
                              ./Core/Src/kb.o (snprintf)
c:/st/stm32cubeide_1.7.0/stm32cubeide/plugins/com.st.stm32cube.ide.mcu.externaltools.gnu-tools-for-stm32.9-2020-q2-update.win32_2.0.0.202105311346/tools/bin/../lib/gcc/arm-none-eabi/9.3.1/../../../../arm-none-eabi/lib/thumb/v7e-m+fp/hard\libc_nano.a(lib_a-sprintf.o)
                              ./Core/Src/main.o (sprintf)
c:/st/stm32cubeide_1.7.0/stm32cubeide/plugins/com.st.stm32cube.ide.mcu.externaltools.gnu-tools-for-stm32.9-2020-q2-update.win32_2.0.0.202105311346/tools/bin/../lib/gcc/arm-none-eabi/9.3.1/../../../../arm-none-eabi/lib/thumb/v7e-m+fp/hard\libc_nano.a(lib_a-strlen.o)
                              ./Core/Src/main.o (strlen)
c:/st/stm32cubeide_1.7.0/stm32cubeide/plugins/com.st.stm32cube.ide.mcu.externaltools.gnu-tools-for-stm32.9-2020-q2-update.win32_2.0.0.202105311346/tools/bin/../lib/gcc/arm-none-eabi/9.3.1/../../../../arm-none-eabi/lib/thumb/v7e-m+fp/hard\libc_nano.a(lib_a-nano-svfprintf.o)
                              c:/st/stm32cubeide_1.7.0/stm32cubeide/plugins/com.st.stm32cube.ide.mcu.externaltools.gnu-tools-for-stm32.9-2020-q2-update.win32_2.0.0.202105311346/tools/bin/../lib/gcc/arm-none-eabi/9.3.1/../../../../arm-none-eabi/lib/thumb/v7e-m+fp/hard\libc_nano.a(lib_a-snprintf.o) (_svfprintf_r)
c:/st/stm32cubeide_1.7.0/stm32cubeide/plugins/com.st.stm32cube.ide.mcu.externaltools.gnu-tools-for-stm32.9-2020-q2-update.win32_2.0.0.202105311346/tools/bin/../lib/gcc/arm-none-eabi/9.3.1/../../../../arm-none-eabi/lib/thumb/v7e-m+fp/hard\libc_nano.a(lib_a-nano-vfprintf_i.o)
                              c:/st/stm32cubeide_1.7.0/stm32cubeide/plugins/com.st.stm32cube.ide.mcu.externaltools.gnu-tools-for-stm32.9-2020-q2-update.win32_2.0.0.202105311346/tools/bin/../lib/gcc/arm-none-eabi/9.3.1/../../../../arm-none-eabi/lib/thumb/v7e-m+fp/hard\libc_nano.a(lib_a-nano-svfprintf.o) (_printf_i)
[...]
Memory Configuration

Name             Origin             Length             Attributes
CCMRAM           0x0000000010000000 0x0000000000010000 xrw
RAM              0x0000000020000000 0x0000000000020000 xrw
FLASH            0x0000000008000000 0x0000000000100000 xr
*default*        0x0000000000000000 0xffffffffffffffff

Linker script and memory map

LOAD c:/st/stm32cubeide_1.7.0/stm32cubeide/plugins/com.st.stm32cube.ide.mcu.externaltools.gnu-tools-for-stm32.9-2020-q2-update.win32_2.0.0.202105311346/tools/bin/../lib/gcc/arm-none-eabi/9.3.1/thumb/v7e-m+fp/hard/crti.o
LOAD c:/st/stm32cubeide_1.7.0/stm32cubeide/plugins/com.st.stm32cube.ide.mcu.externaltools.gnu-tools-for-stm32.9-2020-q2-update.win32_2.0.0.202105311346/tools/bin/../lib/gcc/arm-none-eabi/9.3.1/thumb/v7e-m+fp/hard/crtbegin.o
LOAD c:/st/stm32cubeide_1.7.0/stm32cubeide/plugins/com.st.stm32cube.ide.mcu.externaltools.gnu-tools-for-stm32.9-2020-q2-update.win32_2.0.0.202105311346/tools/bin/../lib/gcc/arm-none-eabi/9.3.1/../../../../arm-none-eabi/lib/thumb/v7e-m+fp/hard/crt0.o
LOAD ./Core/Src/gpio.o
LOAD ./Core/Src/hal_driver.o
LOAD ./Core/Src/i2c.o
LOAD ./Core/Src/kb.o
LOAD ./Core/Src/main.o
LOAD ./Core/Src/pca9538.o
LOAD ./Core/Src/sdk_uart.o
LOAD ./Core/Src/sound_driver.o
LOAD ./Core/Src/stm32f4xx_hal_msp.o
LOAD ./Core/Src/stm32f4xx_it.o
LOAD ./Core/Src/syscalls.o
LOAD ./Core/Src/sysmem.o
LOAD ./Core/Src/system_stm32f4xx.o
LOAD ./Core/Src/tim.o
LOAD ./Core/Src/usart.o
LOAD ./Core/Startup/startup_stm32f407vgtx.o
LOAD ./Drivers/STM32F4xx_HAL_Driver/Src/stm32f4xx_hal.o
LOAD ./Drivers/STM32F4xx_HAL_Driver/Src/stm32f4xx_hal_cortex.o
LOAD ./Drivers/STM32F4xx_HAL_Driver/Src/stm32f4xx_hal_dma.o
LOAD ./Drivers/STM32F4xx_HAL_Driver/Src/stm32f4xx_hal_dma_ex.o
LOAD ./Drivers/STM32F4xx_HAL_Driver/Src/stm32f4xx_hal_exti.o
LOAD ./Drivers/STM32F4xx_HAL_Driver/Src/stm32f4xx_hal_flash.o
LOAD ./Drivers/STM32F4xx_HAL_Driver/Src/stm32f4xx_hal_flash_ex.o
LOAD ./Drivers/STM32F4xx_HAL_Driver/Src/stm32f4xx_hal_flash_ramfunc.o
LOAD ./Drivers/STM32F4xx_HAL_Driver/Src/stm32f4xx_hal_gpio.o
LOAD ./Drivers/STM32F4xx_HAL_Driver/Src/stm32f4xx_hal_i2c.o
LOAD ./Drivers/STM32F4xx_HAL_Driver/Src/stm32f4xx_hal_i2c_ex.o
LOAD ./Drivers/STM32F4xx_HAL_Driver/Src/stm32f4xx_hal_pwr.o
LOAD ./Drivers/STM32F4xx_HAL_Driver/Src/stm32f4xx_hal_pwr_ex.o
LOAD ./Drivers/STM32F4xx_HAL_Driver/Src/stm32f4xx_hal_rcc.o
LOAD ./Drivers/STM32F4xx_HAL_Driver/Src/stm32f4xx_hal_rcc_ex.o
LOAD ./Drivers/STM32F4xx_HAL_Driver/Src/stm32f4xx_hal_tim.o
LOAD ./Drivers/STM32F4xx_HAL_Driver/Src/stm32f4xx_hal_tim_ex.o
LOAD ./Drivers/STM32F4xx_HAL_Driver/Src/stm32f4xx_hal_uart.o
START GROUP
LOAD c:/st/stm32cubeide_1.7.0/stm32cubeide/plugins/com.st.stm32cube.ide.mcu.externaltools.gnu-tools-for-stm32.9-2020-q2-update.win32_2.0.0.202105311346/tools/bin/../lib/gcc/arm-none-eabi/9.3.1/../../../../arm-none-eabi/lib/thumb/v7e-m+fp/hard\libc_nano.a
LOAD c:/st/stm32cubeide_1.7.0/stm32cubeide/plugins/com.st.stm32cube.ide.mcu.externaltools.gnu-tools-for-stm32.9-2020-q2-update.win32_2.0.0.202105311346/tools/bin/../lib/gcc/arm-none-eabi/9.3.1/../../../../arm-none-eabi/lib/thumb/v7e-m+fp/hard\libm.a
END GROUP
START GROUP
LOAD c:/st/stm32cubeide_1.7.0/stm32cubeide/plugins/com.st.stm32cube.ide.mcu.externaltools.gnu-tools-for-stm32.9-2020-q2-update.win32_2.0.0.202105311346/tools/bin/../lib/gcc/arm-none-eabi/9.3.1/thumb/v7e-m+fp/hard\libgcc.a
LOAD c:/st/stm32cubeide_1.7.0/stm32cubeide/plugins/com.st.stm32cube.ide.mcu.externaltools.gnu-tools-for-stm32.9-2020-q2-update.win32_2.0.0.202105311346/tools/bin/../lib/gcc/arm-none-eabi/9.3.1/../../../../arm-none-eabi/lib/thumb/v7e-m+fp/hard\libc_nano.a
END GROUP
START GROUP
LOAD c:/st/stm32cubeide_1.7.0/stm32cubeide/plugins/com.st.stm32cube.ide.mcu.externaltools.gnu-tools-for-stm32.9-2020-q2-update.win32_2.0.0.202105311346/tools/bin/../lib/gcc/arm-none-eabi/9.3.1/thumb/v7e-m+fp/hard\libgcc.a
LOAD c:/st/stm32cubeide_1.7.0/stm32cubeide/plugins/com.st.stm32cube.ide.mcu.externaltools.gnu-tools-for-stm32.9-2020-q2-update.win32_2.0.0.202105311346/tools/bin/../lib/gcc/arm-none-eabi/9.3.1/../../../../arm-none-eabi/lib/thumb/v7e-m+fp/hard\libc_nano.a
LOAD c:/st/stm32cubeide_1.7.0/stm32cubeide/plugins/com.st.stm32cube.ide.mcu.externaltools.gnu-tools-for-stm32.9-2020-q2-update.win32_2.0.0.202105311346/tools/bin/../lib/gcc/arm-none-eabi/9.3.1/../../../../arm-none-eabi/lib/thumb/v7e-m+fp/hard\libnosys.a
END GROUP
START GROUP
LOAD c:/st/stm32cubeide_1.7.0/stm32cubeide/plugins/com.st.stm32cube.ide.mcu.externaltools.gnu-tools-for-stm32.9-2020-q2-update.win32_2.0.0.202105311346/tools/bin/../lib/gcc/arm-none-eabi/9.3.1/thumb/v7e-m+fp/hard\libgcc.a
LOAD c:/st/stm32cubeide_1.7.0/stm32cubeide/plugins/com.st.stm32cube.ide.mcu.externaltools.gnu-tools-for-stm32.9-2020-q2-update.win32_2.0.0.202105311346/tools/bin/../lib/gcc/arm-none-eabi/9.3.1/../../../../arm-none-eabi/lib/thumb/v7e-m+fp/hard\libc_nano.a
LOAD c:/st/stm32cubeide_1.7.0/stm32cubeide/plugins/com.st.stm32cube.ide.mcu.externaltools.gnu-tools-for-stm32.9-2020-q2-update.win32_2.0.0.202105311346/tools/bin/../lib/gcc/arm-none-eabi/9.3.1/../../../../arm-none-eabi/lib/thumb/v7e-m+fp/hard\libnosys.a
END GROUP
LOAD c:/st/stm32cubeide_1.7.0/stm32cubeide/plugins/com.st.stm32cube.ide.mcu.externaltools.gnu-tools-for-stm32.9-2020-q2-update.win32_2.0.0.202105311346/tools/bin/../lib/gcc/arm-none-eabi/9.3.1/thumb/v7e-m+fp/hard/crtend.o
LOAD c:/st/stm32cubeide_1.7.0/stm32cubeide/plugins/com.st.stm32cube.ide.mcu.externaltools.gnu-tools-for-stm32.9-2020-q2-update.win32_2.0.0.202105311346/tools/bin/../lib/gcc/arm-none-eabi/9.3.1/thumb/v7e-m+fp/hard/crtn.o
                0x0000000020020000                _estack = (ORIGIN (RAM) + LENGTH (RAM))
                0x0000000000000200                _Min_Heap_Size = 0x200
                0x0000000000000400                _Min_Stack_Size = 0x400

.isr_vector     0x0000000008000000      0x188
                0x0000000008000000                . = ALIGN (0x4)
 *(.isr_vector)
 .isr_vector    0x0000000008000000      0x188 ./Core/Startup/startup_stm32f407vgtx.o
                0x0000000008000000                g_pfnVectors
                0x0000000008000188                . = ALIGN (0x4)

.text           0x0000000008000190     0x76d8
                0x0000000008000190                . = ALIGN (0x4)
 *(.text)
 .text          0x0000000008000190       0x40 c:/st/stm32cubeide_1.7.0/stm32cubeide/plugins/com.st.stm32cube.ide.mcu.externaltools.gnu-tools-for-stm32.9-2020-q2-update.win32_2.0.0.202105311346/tools/bin/../lib/gcc/arm-none-eabi/9.3.1/thumb/v7e-m+fp/hard/crtbegin.o
 .text          0x00000000080001d0       0x10 c:/st/stm32cubeide_1.7.0/stm32cubeide/plugins/com.st.stm32cube.ide.mcu.externaltools.gnu-tools-for-stm32.9-2020-q2-update.win32_2.0.0.202105311346/tools/bin/../lib/gcc/arm-none-eabi/9.3.1/../../../../arm-none-eabi/lib/thumb/v7e-m+fp/hard\libc_nano.a(lib_a-strlen.o)
                0x00000000080001d0                strlen
 .text          0x00000000080001e0       0xa0 c:/st/stm32cubeide_1.7.0/stm32cubeide/plugins/com.st.stm32cube.ide.mcu.externaltools.gnu-tools-for-stm32.9-2020-q2-update.win32_2.0.0.202105311346/tools/bin/../lib/gcc/arm-none-eabi/9.3.1/../../../../arm-none-eabi/lib/thumb/v7e-m+fp/hard\libc_nano.a(lib_a-memchr.o)
                0x00000000080001e0                memchr
 .text          0x0000000008000280      0x254 c:/st/stm32cubeide_1.7.0/stm32cubeide/plugins/com.st.stm32cube.ide.mcu.externaltools.gnu-tools-for-stm32.9-2020-q2-update.win32_2.0.0.202105311346/tools/bin/../lib/gcc/arm-none-eabi/9.3.1/thumb/v7e-m+fp/hard\libgcc.a(_arm_muldf3.o)
                0x0000000008000280                __muldf3
                0x0000000008000280                __aeabi_dmul
 .text          0x00000000080004d4      0x378 c:/st/stm32cubeide_1.7.0/stm32cubeide/plugins/com.st.stm32cube.ide.mcu.externaltools.gnu-tools-for-stm32.9-2020-q2-update.win32_2.0.0.202105311346/tools/bin/../lib/gcc/arm-none-eabi/9.3.1/thumb/v7e-m+fp/hard\libgcc.a(_arm_addsubdf3.o)
                0x00000000080004d4                __aeabi_drsub
                0x00000000080004dc                __aeabi_dsub
                0x00000000080004dc                __subdf3
                0x00000000080004e0                __aeabi_dadd
                0x00000000080004e0                __adddf3
                0x0000000008000758                __floatunsidf
                0x0000000008000758                __aeabi_ui2d
                0x0000000008000778                __floatsidf
                0x0000000008000778                __aeabi_i2d
                0x000000000800079c                __aeabi_f2d
                0x000000000800079c                __extendsfdf2
                0x00000000080007e0                __floatundidf
                0x00000000080007e0                __aeabi_ul2d
                0x00000000080007f0                __floatdidf
                0x00000000080007f0                __aeabi_l2d
 .text          0x000000000800084c      0x110 c:/st/stm32cubeide_1.7.0/stm32cubeide/plugins/com.st.stm32cube.ide.mcu.externaltools.gnu-tools-for-stm32.9-2020-q2-update.win32_2.0.0.202105311346/tools/bin/../lib/gcc/arm-none-eabi/9.3.1/thumb/v7e-m+fp/hard\libgcc.a(_arm_cmpdf2.o)
                0x000000000800084c                __gtdf2
                0x000000000800084c                __gedf2
                0x0000000008000854                __ltdf2
                0x0000000008000854                __ledf2
                0x000000000800085c                __nedf2
                0x000000000800085c                __eqdf2
                0x000000000800085c                __cmpdf2
                0x00000000080008d8                __aeabi_cdrcmple
                0x00000000080008e8                __aeabi_cdcmpeq
                0x00000000080008e8                __aeabi_cdcmple
                0x00000000080008f8                __aeabi_dcmpeq
                0x000000000800090c                __aeabi_dcmplt
                0x0000000008000920                __aeabi_dcmple
                0x0000000008000934                __aeabi_dcmpge
                0x0000000008000948                __aeabi_dcmpgt
 .text          0x000000000800095c       0x50 c:/st/stm32cubeide_1.7.0/stm32cubeide/plugins/com.st.stm32cube.ide.mcu.externaltools.gnu-tools-for-stm32.9-2020-q2-update.win32_2.0.0.202105311346/tools/bin/../lib/gcc/arm-none-eabi/9.3.1/thumb/v7e-m+fp/hard\libgcc.a(_arm_fixdfsi.o)
                0x000000000800095c                __aeabi_d2iz
                0x000000000800095c                __fixdfsi
 .text          0x00000000080009ac       0x30 c:/st/stm32cubeide_1.7.0/stm32cubeide/plugins/com.st.stm32cube.ide.mcu.externaltools.gnu-tools-for-stm32.9-2020-q2-update.win32_2.0.0.202105311346/tools/bin/../lib/gcc/arm-none-eabi/9.3.1/thumb/v7e-m+fp/hard\libgcc.a(_aeabi_uldivmod.o)
                0x00000000080009ac                __aeabi_uldivmod
 .text          0x00000000080009dc      0x2c4 c:/st/stm32cubeide_1.7.0/stm32cubeide/plugins/com.st.stm32cube.ide.mcu.externaltools.gnu-tools-for-stm32.9-2020-q2-update.win32_2.0.0.202105311346/tools/bin/../lib/gcc/arm-none-eabi/9.3.1/thumb/v7e-m+fp/hard\libgcc.a(_udivmoddi4.o)
                0x00000000080009dc                __udivmoddi4
 .text          0x0000000008000ca0        0x4 c:/st/stm32cubeide_1.7.0/stm32cubeide/plugins/com.st.stm32cube.ide.mcu.externaltools.gnu-tools-for-stm32.9-2020-q2-update.win32_2.0.0.202105311346/tools/bin/../lib/gcc/arm-none-eabi/9.3.1/thumb/v7e-m+fp/hard\libgcc.a(_dvmd_tls.o)
                0x0000000008000ca0                __aeabi_idiv0
                0x0000000008000ca0                __aeabi_ldiv0
 *(.text*)
 .text.MX_GPIO_Init
                0x0000000008000ca4       0xfc ./Core/Src/gpio.o
                0x0000000008000ca4                MX_GPIO_Init
 .text.getButtonState
                0x0000000008000da0       0x18 ./Core/Src/hal_driver.o
                0x0000000008000da0                getButtonState
 .text.getCurrentTime
                0x0000000008000db8        0xe ./Core/Src/hal_driver.o
                0x0000000008000db8                getCurrentTime
 *fill*         0x0000000008000dc6        0x2 
 .text.MX_I2C1_Init
                0x0000000008000dc8       0x5c ./Core/Src/i2c.o
                0x0000000008000dc8                MX_I2C1_Init
 .text.HAL_I2C_MspInit
                0x0000000008000e24       0xb0 ./Core/Src/i2c.o
                0x0000000008000e24                HAL_I2C_MspInit
 .text.ks_continue
                0x0000000008000ed4      0x23c ./Core/Src/kb.o
                0x0000000008000ed4                ks_continue
 .text.buffer_add
                0x0000000008001110       0x38 ./Core/Src/main.o
                0x0000000008001110                buffer_add
 .text.buffer_read
                0x0000000008001148       0x4c ./Core/Src/main.o
                0x0000000008001148                buffer_read
 .text.keyboard_read
                0x0000000008001194       0xe8 ./Core/Src/main.o
                0x0000000008001194                keyboard_read
 .text.HAL_I2C_MemTxCpltCallback
                0x000000000800127c       0x2c ./Core/Src/main.o
                0x000000000800127c                HAL_I2C_MemTxCpltCallback
 .text.HAL_I2C_MemRxCpltCallback
                0x00000000080012a8       0x2c ./Core/Src/main.o
                0x00000000080012a8                HAL_I2C_MemRxCpltCallback
 .text.HAL_TIM_PeriodElapsedCallback
                0x00000000080012d4       0x24 ./Core/Src/main.o
                0x00000000080012d4                HAL_TIM_PeriodElapsedCallback
 .text.sendMessage
                0x00000000080012f8       0x2c ./Core/Src/main.o
                0x00000000080012f8                sendMessage
 .text.wholeNote
                0x0000000008001324       0x20 ./Core/Src/main.o
                0x0000000008001324                wholeNote
 .text.moveToNextMelodyPosition
                0x0000000008001344       0x34 ./Core/Src/main.o
                0x0000000008001344                moveToNextMelodyPosition
 .text.handleInputEditingNote
                0x0000000008001378      0x130 ./Core/Src/main.o
                0x0000000008001378                handleInputEditingNote
 .text.handleInputEditingDelay
                0x00000000080014a8      0x128 ./Core/Src/main.o
                0x00000000080014a8                handleInputEditingDelay
 .text.handleInputEditingTempo
                0x00000000080015d0       0xd8 ./Core/Src/main.o
                0x00000000080015d0                handleInputEditingTempo
 .text.handleInputPlaying
                0x00000000080016a8      0x18c ./Core/Src/main.o
                0x00000000080016a8                handleInputPlaying
 .text.handleInputEditing
                0x0000000008001834      0x160 ./Core/Src/main.o
                0x0000000008001834                handleInputEditing
 .text.handleInput
                0x0000000008001994       0x6c ./Core/Src/main.o
                0x0000000008001994                handleInput
 .text.main     0x0000000008001a00      0x280 ./Core/Src/main.o
                0x0000000008001a00                main
 .text.SystemClock_Config
                0x0000000008001c80       0xd4 ./Core/Src/main.o
                0x0000000008001c80                SystemClock_Config
 .text.Error_Handler
                0x0000000008001d54        0xa ./Core/Src/main.o
                0x0000000008001d54                Error_Handler
 *fill*         0x0000000008001d5e        0x2 
 .text.PCA9538_Read_Register
                0x0000000008001d60       0x48 ./Core/Src/pca9538.o
                0x0000000008001d60                PCA9538_Read_Register
 .text.PCA9538_Write_Register
                0x0000000008001da8       0x48 ./Core/Src/pca9538.o
                0x0000000008001da8                PCA9538_Write_Register
 .text.PCA9538_Read_Inputs
                0x0000000008001df0       0x22 ./Core/Src/pca9538.o
                0x0000000008001df0                PCA9538_Read_Inputs
 *fill*         0x0000000008001e12        0x2 
 .text.UART_Transmit
                0x0000000008001e14       0x2c ./Core/Src/sdk_uart.o
                0x0000000008001e14                UART_Transmit
 .text.sound_driver_init
                0x0000000008001e40       0x1c ./Core/Src/sound_driver.o
                0x0000000008001e40                sound_driver_init
 .text.sound_driver_set_frequency
                0x0000000008001e5c       0x30 ./Core/Src/sound_driver.o
                0x0000000008001e5c                sound_driver_set_frequency
 .text.sound_driver_volume_on
                0x0000000008001e8c       0x16 ./Core/Src/sound_driver.o
                0x0000000008001e8c                sound_driver_volume_on
 .text.sound_driver_volume_mute
                0x0000000008001ea2       0x16 ./Core/Src/sound_driver.o
                0x0000000008001ea2                sound_driver_volume_mute
 .text.HAL_MspInit
                0x0000000008001eb8       0x50 ./Core/Src/stm32f4xx_hal_msp.o
                0x0000000008001eb8                HAL_MspInit
 .text.NMI_Handler
                0x0000000008001f08        0x6 ./Core/Src/stm32f4xx_it.o
                0x0000000008001f08                NMI_Handler
 .text.HardFault_Handler
                0x0000000008001f0e        0x6 ./Core/Src/stm32f4xx_it.o
                0x0000000008001f0e                HardFault_Handler
 .text.MemManage_Handler
                0x0000000008001f14        0x6 ./Core/Src/stm32f4xx_it.o
                0x0000000008001f14                MemManage_Handler
 .text.BusFault_Handler
                0x0000000008001f1a        0x6 ./Core/Src/stm32f4xx_it.o
                0x0000000008001f1a                BusFault_Handler
 .text.UsageFault_Handler
                0x0000000008001f20        0x6 ./Core/Src/stm32f4xx_it.o
                0x0000000008001f20                UsageFault_Handler
 .text.SVC_Handler
                0x0000000008001f26        0xe ./Core/Src/stm32f4xx_it.o
                0x0000000008001f26                SVC_Handler
 .text.DebugMon_Handler
                0x0000000008001f34        0xe ./Core/Src/stm32f4xx_it.o
                0x0000000008001f34                DebugMon_Handler
 .text.PendSV_Handler
                0x0000000008001f42        0xe ./Core/Src/stm32f4xx_it.o
                0x0000000008001f42                PendSV_Handler
 .text.SysTick_Handler
                0x0000000008001f50        0xc ./Core/Src/stm32f4xx_it.o
                0x0000000008001f50                SysTick_Handler
 .text.I2C1_EV_IRQHandler
                0x0000000008001f5c       0x14 ./Core/Src/stm32f4xx_it.o
                0x0000000008001f5c                I2C1_EV_IRQHandler
 .text.I2C1_ER_IRQHandler
                0x0000000008001f70       0x14 ./Core/Src/stm32f4xx_it.o
                0x0000000008001f70                I2C1_ER_IRQHandler
 .text.TIM6_DAC_IRQHandler
                0x0000000008001f84       0x14 ./Core/Src/stm32f4xx_it.o
                0x0000000008001f84                TIM6_DAC_IRQHandler
 .text.USART6_IRQHandler
                0x0000000008001f98       0x14 ./Core/Src/stm32f4xx_it.o
                0x0000000008001f98                USART6_IRQHandler
 .text._sbrk    0x0000000008001fac       0x6c ./Core/Src/sysmem.o
                0x0000000008001fac                _sbrk
 .text.SystemInit
                0x0000000008002018       0x24 ./Core/Src/system_stm32f4xx.o
                0x0000000008002018                SystemInit
 .text.MX_TIM2_Init
                0x000000000800203c       0xb0 ./Core/Src/tim.o
                0x000000000800203c                MX_TIM2_Init
 .text.MX_TIM6_Init
                0x00000000080020ec       0x6c ./Core/Src/tim.o
                0x00000000080020ec                MX_TIM6_Init
 .text.HAL_TIM_PWM_MspInit
                0x0000000008002158       0x40 ./Core/Src/tim.o
                0x0000000008002158                HAL_TIM_PWM_MspInit
 .text.HAL_TIM_Base_MspInit
                0x0000000008002198       0x50 ./Core/Src/tim.o
                0x0000000008002198                HAL_TIM_Base_MspInit
 .text.HAL_TIM_MspPostInit
                0x00000000080021e8       0x70 ./Core/Src/tim.o
                0x00000000080021e8                HAL_TIM_MspPostInit
 .text.MX_USART6_UART_Init
                0x0000000008002258       0x54 ./Core/Src/usart.o
                0x0000000008002258                MX_USART6_UART_Init
 .text.HAL_UART_MspInit
                0x00000000080022ac       0xa0 ./Core/Src/usart.o
                0x00000000080022ac                HAL_UART_MspInit
 .text.Reset_Handler
                0x000000000800234c       0x50 ./Core/Startup/startup_stm32f407vgtx.o
                0x000000000800234c                Reset_Handler
 .text.Default_Handler
                0x000000000800239c        0x2 ./Core/Startup/startup_stm32f407vgtx.o
                0x000000000800239c                RTC_Alarm_IRQHandler
                0x000000000800239c                HASH_RNG_IRQHandler
                0x000000000800239c                EXTI2_IRQHandler
                0x000000000800239c                TIM8_CC_IRQHandler
                0x000000000800239c                TIM1_CC_IRQHandler
                0x000000000800239c                DMA2_Stream5_IRQHandler
                0x000000000800239c                DMA1_Stream5_IRQHandler
                0x000000000800239c                PVD_IRQHandler
                0x000000000800239c                SDIO_IRQHandler
                0x000000000800239c                TAMP_STAMP_IRQHandler
                0x000000000800239c                CAN2_RX1_IRQHandler
                0x000000000800239c                EXTI3_IRQHandler
                0x000000000800239c                TIM8_TRG_COM_TIM14_IRQHandler
                0x000000000800239c                TIM1_UP_TIM10_IRQHandler
                0x000000000800239c                TIM8_UP_TIM13_IRQHandler
                0x000000000800239c                I2C3_ER_IRQHandler
                0x000000000800239c                EXTI0_IRQHandler
                0x000000000800239c                I2C2_EV_IRQHandler
                0x000000000800239c                DMA1_Stream2_IRQHandler
                0x000000000800239c                CAN1_RX0_IRQHandler
                0x000000000800239c                FPU_IRQHandler
                0x000000000800239c                OTG_HS_WKUP_IRQHandler
                0x000000000800239c                CAN2_SCE_IRQHandler
                0x000000000800239c                DMA2_Stream2_IRQHandler
                0x000000000800239c                SPI1_IRQHandler
                0x000000000800239c                TIM1_BRK_TIM9_IRQHandler
                0x000000000800239c                DCMI_IRQHandler
                0x000000000800239c                CAN2_RX0_IRQHandler
                0x000000000800239c                DMA2_Stream3_IRQHandler
                0x000000000800239c                USART3_IRQHandler
                0x000000000800239c                CAN1_RX1_IRQHandler
                0x000000000800239c                UART5_IRQHandler
                0x000000000800239c                DMA2_Stream0_IRQHandler
                0x000000000800239c                TIM4_IRQHandler
                0x000000000800239c                DMA1_Stream6_IRQHandler
                0x000000000800239c                DMA1_Stream1_IRQHandler
                0x000000000800239c                UART4_IRQHandler
                0x000000000800239c                TIM3_IRQHandler
                0x000000000800239c                RCC_IRQHandler
                0x000000000800239c                TIM8_BRK_TIM12_IRQHandler
                0x000000000800239c                Default_Handler
                0x000000000800239c                EXTI15_10_IRQHandler
                0x000000000800239c                ADC_IRQHandler
                0x000000000800239c                DMA1_Stream7_IRQHandler
                0x000000000800239c                TIM7_IRQHandler
                0x000000000800239c                CAN2_TX_IRQHandler
                0x000000000800239c                TIM5_IRQHandler
                0x000000000800239c                DMA2_Stream7_IRQHandler
                0x000000000800239c                I2C3_EV_IRQHandler
                0x000000000800239c                EXTI9_5_IRQHandler
                0x000000000800239c                RTC_WKUP_IRQHandler
                0x000000000800239c                ETH_WKUP_IRQHandler
                0x000000000800239c                SPI2_IRQHandler
                0x000000000800239c                OTG_HS_EP1_IN_IRQHandler
                0x000000000800239c                DMA1_Stream0_IRQHandler
                0x000000000800239c                CAN1_TX_IRQHandler
                0x000000000800239c                EXTI4_IRQHandler
                0x000000000800239c                FSMC_IRQHandler
                0x000000000800239c                ETH_IRQHandler
                0x000000000800239c                OTG_HS_EP1_OUT_IRQHandler
                0x000000000800239c                WWDG_IRQHandler
                0x000000000800239c                TIM2_IRQHandler
                0x000000000800239c                OTG_FS_WKUP_IRQHandler
                0x000000000800239c                TIM1_TRG_COM_TIM11_IRQHandler
                0x000000000800239c                OTG_HS_IRQHandler
                0x000000000800239c                EXTI1_IRQHandler
                0x000000000800239c                USART2_IRQHandler
                0x000000000800239c                I2C2_ER_IRQHandler
                0x000000000800239c                DMA2_Stream1_IRQHandler
                0x000000000800239c                CAN1_SCE_IRQHandler
                0x000000000800239c                FLASH_IRQHandler
                0x000000000800239c                DMA2_Stream4_IRQHandler
                0x000000000800239c                USART1_IRQHandler
                0x000000000800239c                OTG_FS_IRQHandler
                0x000000000800239c                SPI3_IRQHandler
                0x000000000800239c                DMA1_Stream4_IRQHandler
                0x000000000800239c                DMA2_Stream6_IRQHandler
                0x000000000800239c                DMA1_Stream3_IRQHandler
 *fill*         0x000000000800239e        0x2 
 .text.HAL_Init
                0x00000000080023a0       0x44 ./Drivers/STM32F4xx_HAL_Driver/Src/stm32f4xx_hal.o
                0x00000000080023a0                HAL_Init
 .text.HAL_InitTick
                0x00000000080023e4       0x60 ./Drivers/STM32F4xx_HAL_Driver/Src/stm32f4xx_hal.o
                0x00000000080023e4                HAL_InitTick
 .text.HAL_IncTick
                0x0000000008002444       0x28 ./Drivers/STM32F4xx_HAL_Driver/Src/stm32f4xx_hal.o
                0x0000000008002444                HAL_IncTick
 .text.HAL_GetTick
                0x000000000800246c       0x18 ./Drivers/STM32F4xx_HAL_Driver/Src/stm32f4xx_hal.o
                0x000000000800246c                HAL_GetTick
 .text.__NVIC_SetPriorityGrouping
                0x0000000008002484       0x48 ./Drivers/STM32F4xx_HAL_Driver/Src/stm32f4xx_hal_cortex.o
 .text.__NVIC_GetPriorityGrouping
                0x00000000080024cc       0x1c ./Drivers/STM32F4xx_HAL_Driver/Src/stm32f4xx_hal_cortex.o
 .text.__NVIC_EnableIRQ
                0x00000000080024e8       0x3c ./Drivers/STM32F4xx_HAL_Driver/Src/stm32f4xx_hal_cortex.o
 .text.__NVIC_SetPriority
                0x0000000008002524       0x54 ./Drivers/STM32F4xx_HAL_Driver/Src/stm32f4xx_hal_cortex.o
 .text.NVIC_EncodePriority
                0x0000000008002578       0x66 ./Drivers/STM32F4xx_HAL_Driver/Src/stm32f4xx_hal_cortex.o
 *fill*         0x00000000080025de        0x2 
 .text.SysTick_Config
                0x00000000080025e0       0x44 ./Drivers/STM32F4xx_HAL_Driver/Src/stm32f4xx_hal_cortex.o
 .text.HAL_NVIC_SetPriorityGrouping
                0x0000000008002624       0x16 ./Drivers/STM32F4xx_HAL_Driver/Src/stm32f4xx_hal_cortex.o
                0x0000000008002624                HAL_NVIC_SetPriorityGrouping
 .text.HAL_NVIC_SetPriority
                0x000000000800263a       0x38 ./Drivers/STM32F4xx_HAL_Driver/Src/stm32f4xx_hal_cortex.o
                0x000000000800263a                HAL_NVIC_SetPriority
 .text.HAL_NVIC_EnableIRQ
                0x0000000008002672       0x1c ./Drivers/STM32F4xx_HAL_Driver/Src/stm32f4xx_hal_cortex.o
                0x0000000008002672                HAL_NVIC_EnableIRQ
 .text.HAL_SYSTICK_Config
                0x000000000800268e       0x18 ./Drivers/STM32F4xx_HAL_Driver/Src/stm32f4xx_hal_cortex.o
                0x000000000800268e                HAL_SYSTICK_Config
 .text.HAL_DMA_Abort
                0x00000000080026a6       0xe0 ./Drivers/STM32F4xx_HAL_Driver/Src/stm32f4xx_hal_dma.o
                0x00000000080026a6                HAL_DMA_Abort
 .text.HAL_DMA_Abort_IT
                0x0000000008002786       0x44 ./Drivers/STM32F4xx_HAL_Driver/Src/stm32f4xx_hal_dma.o
                0x0000000008002786                HAL_DMA_Abort_IT
 .text.HAL_DMA_GetState
                0x00000000080027ca       0x1c ./Drivers/STM32F4xx_HAL_Driver/Src/stm32f4xx_hal_dma.o
                0x00000000080027ca                HAL_DMA_GetState
 *fill*         0x00000000080027e6        0x2 
 .text.HAL_GPIO_Init
                0x00000000080027e8      0x338 ./Drivers/STM32F4xx_HAL_Driver/Src/stm32f4xx_hal_gpio.o
                0x00000000080027e8                HAL_GPIO_Init
 .text.HAL_GPIO_ReadPin
                0x0000000008002b20       0x30 ./Drivers/STM32F4xx_HAL_Driver/Src/stm32f4xx_hal_gpio.o
                0x0000000008002b20                HAL_GPIO_ReadPin
 .text.HAL_GPIO_WritePin
                0x0000000008002b50       0x32 ./Drivers/STM32F4xx_HAL_Driver/Src/stm32f4xx_hal_gpio.o
                0x0000000008002b50                HAL_GPIO_WritePin
 *fill*         0x0000000008002b82        0x2 
 .text.HAL_I2C_Init
                0x0000000008002b84      0x288 ./Drivers/STM32F4xx_HAL_Driver/Src/stm32f4xx_hal_i2c.o
                0x0000000008002b84                HAL_I2C_Init
 .text.HAL_I2C_Mem_Write_IT
                0x0000000008002e0c      0x164 ./Drivers/STM32F4xx_HAL_Driver/Src/stm32f4xx_hal_i2c.o
                0x0000000008002e0c                HAL_I2C_Mem_Write_IT
 .text.HAL_I2C_Mem_Read_IT
                0x0000000008002f70      0x17c ./Drivers/STM32F4xx_HAL_Driver/Src/stm32f4xx_hal_i2c.o
                0x0000000008002f70                HAL_I2C_Mem_Read_IT
 .text.HAL_I2C_EV_IRQHandler
                0x00000000080030ec      0x2e2 ./Drivers/STM32F4xx_HAL_Driver/Src/stm32f4xx_hal_i2c.o
                0x00000000080030ec                HAL_I2C_EV_IRQHandler
 .text.HAL_I2C_ER_IRQHandler
                0x00000000080033ce      0x14e ./Drivers/STM32F4xx_HAL_Driver/Src/stm32f4xx_hal_i2c.o
                0x00000000080033ce                HAL_I2C_ER_IRQHandler
 .text.HAL_I2C_MasterTxCpltCallback
                0x000000000800351c       0x14 ./Drivers/STM32F4xx_HAL_Driver/Src/stm32f4xx_hal_i2c.o
                0x000000000800351c                HAL_I2C_MasterTxCpltCallback
 .text.HAL_I2C_MasterRxCpltCallback
                0x0000000008003530       0x14 ./Drivers/STM32F4xx_HAL_Driver/Src/stm32f4xx_hal_i2c.o
                0x0000000008003530                HAL_I2C_MasterRxCpltCallback
 .text.HAL_I2C_SlaveTxCpltCallback
                0x0000000008003544       0x14 ./Drivers/STM32F4xx_HAL_Driver/Src/stm32f4xx_hal_i2c.o
                0x0000000008003544                HAL_I2C_SlaveTxCpltCallback
 .text.HAL_I2C_SlaveRxCpltCallback
                0x0000000008003558       0x14 ./Drivers/STM32F4xx_HAL_Driver/Src/stm32f4xx_hal_i2c.o
                0x0000000008003558                HAL_I2C_SlaveRxCpltCallback
 .text.HAL_I2C_AddrCallback
                0x000000000800356c       0x1c ./Drivers/STM32F4xx_HAL_Driver/Src/stm32f4xx_hal_i2c.o
                0x000000000800356c                HAL_I2C_AddrCallback
 .text.HAL_I2C_ListenCpltCallback
                0x0000000008003588       0x14 ./Drivers/STM32F4xx_HAL_Driver/Src/stm32f4xx_hal_i2c.o
                0x0000000008003588                HAL_I2C_ListenCpltCallback
 .text.HAL_I2C_ErrorCallback
                0x000000000800359c       0x14 ./Drivers/STM32F4xx_HAL_Driver/Src/stm32f4xx_hal_i2c.o
                0x000000000800359c                HAL_I2C_ErrorCallback
 .text.HAL_I2C_AbortCpltCallback
                0x00000000080035b0       0x14 ./Drivers/STM32F4xx_HAL_Driver/Src/stm32f4xx_hal_i2c.o
                0x00000000080035b0                HAL_I2C_AbortCpltCallback
 .text.I2C_MasterTransmit_TXE
                0x00000000080035c4      0x138 ./Drivers/STM32F4xx_HAL_Driver/Src/stm32f4xx_hal_i2c.o
 .text.I2C_MasterTransmit_BTF
                0x00000000080036fc       0xec ./Drivers/STM32F4xx_HAL_Driver/Src/stm32f4xx_hal_i2c.o
 .text.I2C_MemoryTransmit_TXE_BTF
                0x00000000080037e8      0x128 ./Drivers/STM32F4xx_HAL_Driver/Src/stm32f4xx_hal_i2c.o
 .text.I2C_MasterReceive_RXNE
                0x0000000008003910      0x162 ./Drivers/STM32F4xx_HAL_Driver/Src/stm32f4xx_hal_i2c.o
 .text.I2C_MasterReceive_BTF
                0x0000000008003a72      0x1d4 ./Drivers/STM32F4xx_HAL_Driver/Src/stm32f4xx_hal_i2c.o
 .text.I2C_Master_SB
                0x0000000008003c46      0x10c ./Drivers/STM32F4xx_HAL_Driver/Src/stm32f4xx_hal_i2c.o
 .text.I2C_Master_ADD10
                0x0000000008003d52       0x54 ./Drivers/STM32F4xx_HAL_Driver/Src/stm32f4xx_hal_i2c.o
 .text.I2C_Master_ADDR
                0x0000000008003da6      0x322 ./Drivers/STM32F4xx_HAL_Driver/Src/stm32f4xx_hal_i2c.o
 .text.I2C_SlaveTransmit_TXE
                0x00000000080040c8       0x7a ./Drivers/STM32F4xx_HAL_Driver/Src/stm32f4xx_hal_i2c.o
 .text.I2C_SlaveTransmit_BTF
                0x0000000008004142       0x42 ./Drivers/STM32F4xx_HAL_Driver/Src/stm32f4xx_hal_i2c.o
 .text.I2C_SlaveReceive_RXNE
                0x0000000008004184       0x7c ./Drivers/STM32F4xx_HAL_Driver/Src/stm32f4xx_hal_i2c.o
 .text.I2C_SlaveReceive_BTF
                0x0000000008004200       0x44 ./Drivers/STM32F4xx_HAL_Driver/Src/stm32f4xx_hal_i2c.o
 .text.I2C_Slave_ADDR
                0x0000000008004244       0x94 ./Drivers/STM32F4xx_HAL_Driver/Src/stm32f4xx_hal_i2c.o
 .text.I2C_Slave_STOPF
                0x00000000080042d8      0x260 ./Drivers/STM32F4xx_HAL_Driver/Src/stm32f4xx_hal_i2c.o
 .text.I2C_Slave_AF
                0x0000000008004538       0xe0 ./Drivers/STM32F4xx_HAL_Driver/Src/stm32f4xx_hal_i2c.o
 .text.I2C_ITError
                0x0000000008004618      0x264 ./Drivers/STM32F4xx_HAL_Driver/Src/stm32f4xx_hal_i2c.o
 .text.I2C_DMAAbort
                0x000000000800487c      0x150 ./Drivers/STM32F4xx_HAL_Driver/Src/stm32f4xx_hal_i2c.o
 .text.I2C_WaitOnSTOPRequestThroughIT
                0x00000000080049cc       0x64 ./Drivers/STM32F4xx_HAL_Driver/Src/stm32f4xx_hal_i2c.o
 .text.I2C_ConvertOtherXferOptions
                0x0000000008004a30       0x36 ./Drivers/STM32F4xx_HAL_Driver/Src/stm32f4xx_hal_i2c.o
 *fill*         0x0000000008004a66        0x2 
 .text.HAL_RCC_OscConfig
                0x0000000008004a68      0x4f0 ./Drivers/STM32F4xx_HAL_Driver/Src/stm32f4xx_hal_rcc.o
                0x0000000008004a68                HAL_RCC_OscConfig
 .text.HAL_RCC_ClockConfig
                0x0000000008004f58      0x1cc ./Drivers/STM32F4xx_HAL_Driver/Src/stm32f4xx_hal_rcc.o
                0x0000000008004f58                HAL_RCC_ClockConfig
 .text.HAL_RCC_GetSysClockFreq
                0x0000000008005124      0x16c ./Drivers/STM32F4xx_HAL_Driver/Src/stm32f4xx_hal_rcc.o
                0x0000000008005124                HAL_RCC_GetSysClockFreq
 .text.HAL_RCC_GetHCLKFreq
                0x0000000008005290       0x18 ./Drivers/STM32F4xx_HAL_Driver/Src/stm32f4xx_hal_rcc.o
                0x0000000008005290                HAL_RCC_GetHCLKFreq
 .text.HAL_RCC_GetPCLK1Freq
                0x00000000080052a8       0x28 ./Drivers/STM32F4xx_HAL_Driver/Src/stm32f4xx_hal_rcc.o
                0x00000000080052a8                HAL_RCC_GetPCLK1Freq
 .text.HAL_RCC_GetPCLK2Freq
                0x00000000080052d0       0x28 ./Drivers/STM32F4xx_HAL_Driver/Src/stm32f4xx_hal_rcc.o
                0x00000000080052d0                HAL_RCC_GetPCLK2Freq
 .text.HAL_TIM_Base_Init
                0x00000000080052f8       0x9e ./Drivers/STM32F4xx_HAL_Driver/Src/stm32f4xx_hal_tim.o
                0x00000000080052f8                HAL_TIM_Base_Init
 *fill*         0x0000000008005396        0x2 
 .text.HAL_TIM_Base_Start_IT
                0x0000000008005398       0xe0 ./Drivers/STM32F4xx_HAL_Driver/Src/stm32f4xx_hal_tim.o
                0x0000000008005398                HAL_TIM_Base_Start_IT
 .text.HAL_TIM_OC_Start
                0x0000000008005478      0x190 ./Drivers/STM32F4xx_HAL_Driver/Src/stm32f4xx_hal_tim.o
                0x0000000008005478                HAL_TIM_OC_Start
 .text.HAL_TIM_PWM_Init
                0x0000000008005608       0x9e ./Drivers/STM32F4xx_HAL_Driver/Src/stm32f4xx_hal_tim.o
                0x0000000008005608                HAL_TIM_PWM_Init
 .text.HAL_TIM_IRQHandler
                0x00000000080056a6      0x210 ./Drivers/STM32F4xx_HAL_Driver/Src/stm32f4xx_hal_tim.o
                0x00000000080056a6                HAL_TIM_IRQHandler
 *fill*         0x00000000080058b6        0x2 
 .text.HAL_TIM_PWM_ConfigChannel
                0x00000000080058b8      0x184 ./Drivers/STM32F4xx_HAL_Driver/Src/stm32f4xx_hal_tim.o
                0x00000000080058b8                HAL_TIM_PWM_ConfigChannel
 .text.HAL_TIM_OC_DelayElapsedCallback
                0x0000000008005a3c       0x14 ./Drivers/STM32F4xx_HAL_Driver/Src/stm32f4xx_hal_tim.o
                0x0000000008005a3c                HAL_TIM_OC_DelayElapsedCallback
 .text.HAL_TIM_IC_CaptureCallback
                0x0000000008005a50       0x14 ./Drivers/STM32F4xx_HAL_Driver/Src/stm32f4xx_hal_tim.o
                0x0000000008005a50                HAL_TIM_IC_CaptureCallback
 .text.HAL_TIM_PWM_PulseFinishedCallback
                0x0000000008005a64       0x14 ./Drivers/STM32F4xx_HAL_Driver/Src/stm32f4xx_hal_tim.o
                0x0000000008005a64                HAL_TIM_PWM_PulseFinishedCallback
 .text.HAL_TIM_TriggerCallback
                0x0000000008005a78       0x14 ./Drivers/STM32F4xx_HAL_Driver/Src/stm32f4xx_hal_tim.o
                0x0000000008005a78                HAL_TIM_TriggerCallback
 .text.TIM_Base_SetConfig
                0x0000000008005a8c      0x140 ./Drivers/STM32F4xx_HAL_Driver/Src/stm32f4xx_hal_tim.o
                0x0000000008005a8c                TIM_Base_SetConfig
 .text.TIM_OC1_SetConfig
                0x0000000008005bcc       0xe0 ./Drivers/STM32F4xx_HAL_Driver/Src/stm32f4xx_hal_tim.o
 .text.TIM_OC2_SetConfig
                0x0000000008005cac       0xec ./Drivers/STM32F4xx_HAL_Driver/Src/stm32f4xx_hal_tim.o
                0x0000000008005cac                TIM_OC2_SetConfig
 .text.TIM_OC3_SetConfig
                0x0000000008005d98       0xe8 ./Drivers/STM32F4xx_HAL_Driver/Src/stm32f4xx_hal_tim.o
 .text.TIM_OC4_SetConfig
                0x0000000008005e80       0xac ./Drivers/STM32F4xx_HAL_Driver/Src/stm32f4xx_hal_tim.o
 .text.TIM_CCxChannelCmd
                0x0000000008005f2c       0x4a ./Drivers/STM32F4xx_HAL_Driver/Src/stm32f4xx_hal_tim.o
                0x0000000008005f2c                TIM_CCxChannelCmd
 *fill*         0x0000000008005f76        0x2 
 .text.HAL_TIMEx_MasterConfigSynchronization
                0x0000000008005f78       0xf8 ./Drivers/STM32F4xx_HAL_Driver/Src/stm32f4xx_hal_tim_ex.o
                0x0000000008005f78                HAL_TIMEx_MasterConfigSynchronization
 .text.HAL_TIMEx_CommutCallback
                0x0000000008006070       0x14 ./Drivers/STM32F4xx_HAL_Driver/Src/stm32f4xx_hal_tim_ex.o
                0x0000000008006070                HAL_TIMEx_CommutCallback
 .text.HAL_TIMEx_BreakCallback
                0x0000000008006084       0x14 ./Drivers/STM32F4xx_HAL_Driver/Src/stm32f4xx_hal_tim_ex.o
                0x0000000008006084                HAL_TIMEx_BreakCallback
 .text.HAL_UART_Init
                0x0000000008006098       0x9a ./Drivers/STM32F4xx_HAL_Driver/Src/stm32f4xx_hal_uart.o
                0x0000000008006098                HAL_UART_Init
 .text.HAL_UART_Transmit
                0x0000000008006132      0x124 ./Drivers/STM32F4xx_HAL_Driver/Src/stm32f4xx_hal_uart.o
                0x0000000008006132                HAL_UART_Transmit
 *fill*         0x0000000008006256        0x2 
 .text.HAL_UART_IRQHandler
                0x0000000008006258      0x51c ./Drivers/STM32F4xx_HAL_Driver/Src/stm32f4xx_hal_uart.o
                0x0000000008006258                HAL_UART_IRQHandler
 .text.HAL_UART_TxCpltCallback
                0x0000000008006774       0x14 ./Drivers/STM32F4xx_HAL_Driver/Src/stm32f4xx_hal_uart.o
                0x0000000008006774                HAL_UART_TxCpltCallback
 .text.HAL_UART_RxCpltCallback
                0x0000000008006788       0x14 ./Drivers/STM32F4xx_HAL_Driver/Src/stm32f4xx_hal_uart.o
                0x0000000008006788                HAL_UART_RxCpltCallback
 .text.HAL_UART_ErrorCallback
                0x000000000800679c       0x14 ./Drivers/STM32F4xx_HAL_Driver/Src/stm32f4xx_hal_uart.o
                0x000000000800679c                HAL_UART_ErrorCallback
 .text.HAL_UARTEx_RxEventCallback
                0x00000000080067b0       0x18 ./Drivers/STM32F4xx_HAL_Driver/Src/stm32f4xx_hal_uart.o
                0x00000000080067b0                HAL_UARTEx_RxEventCallback
 .text.UART_WaitOnFlagUntilTimeout
                0x00000000080067c8       0xdc ./Drivers/STM32F4xx_HAL_Driver/Src/stm32f4xx_hal_uart.o
 .text.UART_EndRxTransfer
                0x00000000080068a4       0xc6 ./Drivers/STM32F4xx_HAL_Driver/Src/stm32f4xx_hal_uart.o
 .text.UART_DMAAbortOnError
                0x000000000800696a       0x28 ./Drivers/STM32F4xx_HAL_Driver/Src/stm32f4xx_hal_uart.o
 .text.UART_Transmit_IT
                0x0000000008006992       0xa0 ./Drivers/STM32F4xx_HAL_Driver/Src/stm32f4xx_hal_uart.o
 .text.UART_EndTransmit_IT
                0x0000000008006a32       0x30 ./Drivers/STM32F4xx_HAL_Driver/Src/stm32f4xx_hal_uart.o
 .text.UART_Receive_IT
                0x0000000008006a62      0x176 ./Drivers/STM32F4xx_HAL_Driver/Src/stm32f4xx_hal_uart.o
 .text.UART_SetConfig
                0x0000000008006bd8      0x390 ./Drivers/STM32F4xx_HAL_Driver/Src/stm32f4xx_hal_uart.o
 .text.__errno  0x0000000008006f68        0xc c:/st/stm32cubeide_1.7.0/stm32cubeide/plugins/com.st.stm32cube.ide.mcu.externaltools.gnu-tools-for-stm32.9-2020-q2-update.win32_2.0.0.202105311346/tools/bin/../lib/gcc/arm-none-eabi/9.3.1/../../../../arm-none-eabi/lib/thumb/v7e-m+fp/hard\libc_nano.a(lib_a-errno.o)
                0x0000000008006f68                __errno
 .text.__libc_init_array
                0x0000000008006f74       0x48 c:/st/stm32cubeide_1.7.0/stm32cubeide/plugins/com.st.stm32cube.ide.mcu.externaltools.gnu-tools-for-stm32.9-2020-q2-update.win32_2.0.0.202105311346/tools/bin/../lib/gcc/arm-none-eabi/9.3.1/../../../../arm-none-eabi/lib/thumb/v7e-m+fp/hard\libc_nano.a(lib_a-init.o)
                0x0000000008006f74                __libc_init_array
 .text.memset   0x0000000008006fbc       0x10 c:/st/stm32cubeide_1.7.0/stm32cubeide/plugins/com.st.stm32cube.ide.mcu.externaltools.gnu-tools-for-stm32.9-2020-q2-update.win32_2.0.0.202105311346/tools/bin/../lib/gcc/arm-none-eabi/9.3.1/../../../../arm-none-eabi/lib/thumb/v7e-m+fp/hard\libc_nano.a(lib_a-memset.o)
                0x0000000008006fbc                memset
 .text.snprintf
                0x0000000008006fcc       0x68 c:/st/stm32cubeide_1.7.0/stm32cubeide/plugins/com.st.stm32cube.ide.mcu.externaltools.gnu-tools-for-stm32.9-2020-q2-update.win32_2.0.0.202105311346/tools/bin/../lib/gcc/arm-none-eabi/9.3.1/../../../../arm-none-eabi/lib/thumb/v7e-m+fp/hard\libc_nano.a(lib_a-snprintf.o)
                0x0000000008006fcc                sniprintf
                0x0000000008006fcc                snprintf
 .text.__ssputs_r
                0x0000000008007034       0xb6 c:/st/stm32cubeide_1.7.0/stm32cubeide/plugins/com.st.stm32cube.ide.mcu.externaltools.gnu-tools-for-stm32.9-2020-q2-update.win32_2.0.0.202105311346/tools/bin/../lib/gcc/arm-none-eabi/9.3.1/../../../../arm-none-eabi/lib/thumb/v7e-m+fp/hard\libc_nano.a(lib_a-nano-svfprintf.o)
                0x0000000008007034                __ssputs_r
 *fill*         0x00000000080070ea        0x2 
 .text._svfprintf_r
                0x00000000080070ec      0x200 c:/st/stm32cubeide_1.7.0/stm32cubeide/plugins/com.st.stm32cube.ide.mcu.externaltools.gnu-tools-for-stm32.9-2020-q2-update.win32_2.0.0.202105311346/tools/bin/../lib/gcc/arm-none-eabi/9.3.1/../../../../arm-none-eabi/lib/thumb/v7e-m+fp/hard\libc_nano.a(lib_a-nano-svfprintf.o)
                0x00000000080070ec                _svfiprintf_r
                0x00000000080070ec                _svfprintf_r
 .text._printf_common
                0x00000000080072ec       0xda c:/st/stm32cubeide_1.7.0/stm32cubeide/plugins/com.st.stm32cube.ide.mcu.externaltools.gnu-tools-for-stm32.9-2020-q2-update.win32_2.0.0.202105311346/tools/bin/../lib/gcc/arm-none-eabi/9.3.1/../../../../arm-none-eabi/lib/thumb/v7e-m+fp/hard\libc_nano.a(lib_a-nano-vfprintf_i.o)
                0x00000000080072ec                _printf_common
 *fill*         0x00000000080073c6        0x2 
 .text._printf_i
                0x00000000080073c8      0x24c c:/st/stm32cubeide_1.7.0/stm32cubeide/plugins/com.st.stm32cube.ide.mcu.externaltools.gnu-tools-for-stm32.9-2020-q2-update.win32_2.0.0.202105311346/tools/bin/../lib/gcc/arm-none-eabi/9.3.1/../../../../arm-none-eabi/lib/thumb/v7e-m+fp/hard\libc_nano.a(lib_a-nano-vfprintf_i.o)
                0x00000000080073c8                _printf_i
 .text.memcpy   0x0000000008007614       0x1c c:/st/stm32cubeide_1.7.0/stm32cubeide/plugins/com.st.stm32cube.ide.mcu.externaltools.gnu-tools-for-stm32.9-2020-q2-update.win32_2.0.0.202105311346/tools/bin/../lib/gcc/arm-none-eabi/9.3.1/../../../../arm-none-eabi/lib/thumb/v7e-m+fp/hard\libc_nano.a(lib_a-memcpy-stub.o)
                0x0000000008007614                memcpy
 .text.memmove  0x0000000008007630       0x34 c:/st/stm32cubeide_1.7.0/stm32cubeide/plugins/com.st.stm32cube.ide.mcu.externaltools.gnu-tools-for-stm32.9-2020-q2-update.win32_2.0.0.202105311346/tools/bin/../lib/gcc/arm-none-eabi/9.3.1/../../../../arm-none-eabi/lib/thumb/v7e-m+fp/hard\libc_nano.a(lib_a-memmove.o)
                0x0000000008007630                memmove
 .text._free_r  0x0000000008007664       0xa0 c:/st/stm32cubeide_1.7.0/stm32cubeide/plugins/com.st.stm32cube.ide.mcu.externaltools.gnu-tools-for-stm32.9-2020-q2-update.win32_2.0.0.202105311346/tools/bin/../lib/gcc/arm-none-eabi/9.3.1/../../../../arm-none-eabi/lib/thumb/v7e-m+fp/hard\libc_nano.a(lib_a-nano-freer.o)
                0x0000000008007664                _free_r
 .text._malloc_r
                0x0000000008007704       0xb4 c:/st/stm32cubeide_1.7.0/stm32cubeide/plugins/com.st.stm32cube.ide.mcu.externaltools.gnu-tools-for-stm32.9-2020-q2-update.win32_2.0.0.202105311346/tools/bin/../lib/gcc/arm-none-eabi/9.3.1/../../../../arm-none-eabi/lib/thumb/v7e-m+fp/hard\libc_nano.a(lib_a-nano-mallocr.o)
                0x0000000008007704                _malloc_r
 .text._realloc_r
                0x00000000080077b8       0x4c c:/st/stm32cubeide_1.7.0/stm32cubeide/plugins/com.st.stm32cube.ide.mcu.externaltools.gnu-tools-for-stm32.9-2020-q2-update.win32_2.0.0.202105311346/tools/bin/../lib/gcc/arm-none-eabi/9.3.1/../../../../arm-none-eabi/lib/thumb/v7e-m+fp/hard\libc_nano.a(lib_a-nano-reallocr.o)
                0x00000000080077b8                _realloc_r
 .text._sbrk_r  0x0000000008007804       0x20 c:/st/stm32cubeide_1.7.0/stm32cubeide/plugins/com.st.stm32cube.ide.mcu.externaltools.gnu-tools-for-stm32.9-2020-q2-update.win32_2.0.0.202105311346/tools/bin/../lib/gcc/arm-none-eabi/9.3.1/../../../../arm-none-eabi/lib/thumb/v7e-m+fp/hard\libc_nano.a(lib_a-sbrkr.o)
                0x0000000008007804                _sbrk_r
 .text.__malloc_lock
                0x0000000008007824        0xc c:/st/stm32cubeide_1.7.0/stm32cubeide/plugins/com.st.stm32cube.ide.mcu.externaltools.gnu-tools-for-stm32.9-2020-q2-update.win32_2.0.0.202105311346/tools/bin/../lib/gcc/arm-none-eabi/9.3.1/../../../../arm-none-eabi/lib/thumb/v7e-m+fp/hard\libc_nano.a(lib_a-mlock.o)
                0x0000000008007824                __malloc_lock
 .text.__malloc_unlock
                0x0000000008007830        0xc c:/st/stm32cubeide_1.7.0/stm32cubeide/plugins/com.st.stm32cube.ide.mcu.externaltools.gnu-tools-for-stm32.9-2020-q2-update.win32_2.0.0.202105311346/tools/bin/../lib/gcc/arm-none-eabi/9.3.1/../../../../arm-none-eabi/lib/thumb/v7e-m+fp/hard\libc_nano.a(lib_a-mlock.o)
                0x0000000008007830                __malloc_unlock
 .text._malloc_usable_size_r
                0x000000000800783c       0x10 c:/st/stm32cubeide_1.7.0/stm32cubeide/plugins/com.st.stm32cube.ide.mcu.externaltools.gnu-tools-for-stm32.9-2020-q2-update.win32_2.0.0.202105311346/tools/bin/../lib/gcc/arm-none-eabi/9.3.1/../../../../arm-none-eabi/lib/thumb/v7e-m+fp/hard\libc_nano.a(lib_a-nano-msizer.o)
                0x000000000800783c                _malloc_usable_size_r
 .text.__retarget_lock_acquire_recursive
                0x000000000800784c        0x2 c:/st/stm32cubeide_1.7.0/stm32cubeide/plugins/com.st.stm32cube.ide.mcu.externaltools.gnu-tools-for-stm32.9-2020-q2-update.win32_2.0.0.202105311346/tools/bin/../lib/gcc/arm-none-eabi/9.3.1/../../../../arm-none-eabi/lib/thumb/v7e-m+fp/hard\libc_nano.a(lib_a-lock.o)
                0x000000000800784c                __retarget_lock_acquire_recursive
 .text.__retarget_lock_release_recursive
                0x000000000800784e        0x2 c:/st/stm32cubeide_1.7.0/stm32cubeide/plugins/com.st.stm32cube.ide.mcu.externaltools.gnu-tools-for-stm32.9-2020-q2-update.win32_2.0.0.202105311346/tools/bin/../lib/gcc/arm-none-eabi/9.3.1/../../../../arm-none-eabi/lib/thumb/v7e-m+fp/hard\libc_nano.a(lib_a-lock.o)
                0x000000000800784e                __retarget_lock_release_recursive
 *(.glue_7)
 .glue_7        0x0000000008007850        0x0 linker stubs
 *(.glue_7t)
 .glue_7t       0x0000000008007850        0x0 linker stubs
 *(.eh_frame)
 .eh_frame      0x0000000008007850        0x0 c:/st/stm32cubeide_1.7.0/stm32cubeide/plugins/com.st.stm32cube.ide.mcu.externaltools.gnu-tools-for-stm32.9-2020-q2-update.win32_2.0.0.202105311346/tools/bin/../lib/gcc/arm-none-eabi/9.3.1/thumb/v7e-m+fp/hard/crtbegin.o
 *(.init)
 .init          0x0000000008007850        0x4 c:/st/stm32cubeide_1.7.0/stm32cubeide/plugins/com.st.stm32cube.ide.mcu.externaltools.gnu-tools-for-stm32.9-2020-q2-update.win32_2.0.0.202105311346/tools/bin/../lib/gcc/arm-none-eabi/9.3.1/thumb/v7e-m+fp/hard/crti.o
                0x0000000008007850                _init
 .init          0x0000000008007854        0x8 c:/st/stm32cubeide_1.7.0/stm32cubeide/plugins/com.st.stm32cube.ide.mcu.externaltools.gnu-tools-for-stm32.9-2020-q2-update.win32_2.0.0.202105311346/tools/bin/../lib/gcc/arm-none-eabi/9.3.1/thumb/v7e-m+fp/hard/crtn.o
 *(.fini)
 .fini          0x000000000800785c        0x4 c:/st/stm32cubeide_1.7.0/stm32cubeide/plugins/com.st.stm32cube.ide.mcu.externaltools.gnu-tools-for-stm32.9-2020-q2-update.win32_2.0.0.202105311346/tools/bin/../lib/gcc/arm-none-eabi/9.3.1/thumb/v7e-m+fp/hard/crti.o
                0x000000000800785c                _fini
 .fini          0x0000000008007860        0x8 c:/st/stm32cubeide_1.7.0/stm32cubeide/plugins/com.st.stm32cube.ide.mcu.externaltools.gnu-tools-for-stm32.9-2020-q2-update.win32_2.0.0.202105311346/tools/bin/../lib/gcc/arm-none-eabi/9.3.1/thumb/v7e-m+fp/hard/crtn.o
                0x0000000008007868                . = ALIGN (0x4)
                0x0000000008007868                _etext = .

.vfp11_veneer   0x0000000008007868        0x0
 .vfp11_veneer  0x0000000008007868        0x0 linker stubs

.v4_bx          0x0000000008007868        0x0
 .v4_bx         0x0000000008007868        0x0 linker stubs

.iplt           0x0000000008007868        0x0
 .iplt          0x0000000008007868        0x0 c:/st/stm32cubeide_1.7.0/stm32cubeide/plugins/com.st.stm32cube.ide.mcu.externaltools.gnu-tools-for-stm32.9-2020-q2-update.win32_2.0.0.202105311346/tools/bin/../lib/gcc/arm-none-eabi/9.3.1/thumb/v7e-m+fp/hard/crtbegin.o

.rodata         0x0000000008007868      0x388
                0x0000000008007868                . = ALIGN (0x4)
 *(.rodata)
 .rodata        0x0000000008007868      0x100 ./Core/Src/kb.o
 .rodata        0x0000000008007968      0x238 ./Core/Src/main.o
 *(.rodata*)
 .rodata.rows.9557
                0x0000000008007ba0        0x4 ./Core/Src/main.o
 .rodata.AHBPrescTable
                0x0000000008007ba4       0x10 ./Core/Src/system_stm32f4xx.o
                0x0000000008007ba4                AHBPrescTable
 .rodata.APBPrescTable
                0x0000000008007bb4        0x8 ./Core/Src/system_stm32f4xx.o
                0x0000000008007bb4                APBPrescTable
 .rodata._svfprintf_r.str1.1
                0x0000000008007bbc       0x11 c:/st/stm32cubeide_1.7.0/stm32cubeide/plugins/com.st.stm32cube.ide.mcu.externaltools.gnu-tools-for-stm32.9-2020-q2-update.win32_2.0.0.202105311346/tools/bin/../lib/gcc/arm-none-eabi/9.3.1/../../../../arm-none-eabi/lib/thumb/v7e-m+fp/hard\libc_nano.a(lib_a-nano-svfprintf.o)
 .rodata._printf_i.str1.1
                0x0000000008007bcd       0x22 c:/st/stm32cubeide_1.7.0/stm32cubeide/plugins/com.st.stm32cube.ide.mcu.externaltools.gnu-tools-for-stm32.9-2020-q2-update.win32_2.0.0.202105311346/tools/bin/../lib/gcc/arm-none-eabi/9.3.1/../../../../arm-none-eabi/lib/thumb/v7e-m+fp/hard\libc_nano.a(lib_a-nano-vfprintf_i.o)
                0x0000000008007bf0                . = ALIGN (0x4)
 *fill*         0x0000000008007bef        0x1 

.ARM.extab      0x0000000008007bf0        0x0
                0x0000000008007bf0                . = ALIGN (0x4)
 *(.ARM.extab* .gnu.linkonce.armextab.*)
                0x0000000008007bf0                . = ALIGN (0x4)

.ARM            0x0000000008007bf0        0x8
                0x0000000008007bf0                . = ALIGN (0x4)
                0x0000000008007bf0                __exidx_start = .
 *(.ARM.exidx*)
 .ARM.exidx     0x0000000008007bf0        0x8 c:/st/stm32cubeide_1.7.0/stm32cubeide/plugins/com.st.stm32cube.ide.mcu.externaltools.gnu-tools-for-stm32.9-2020-q2-update.win32_2.0.0.202105311346/tools/bin/../lib/gcc/arm-none-eabi/9.3.1/thumb/v7e-m+fp/hard\libgcc.a(_udivmoddi4.o)
                0x0000000008007bf8                __exidx_end = .
                0x0000000008007bf8                . = ALIGN (0x4)

.rel.dyn        0x0000000008007bf8        0x0
 .rel.iplt      0x0000000008007bf8        0x0 c:/st/stm32cubeide_1.7.0/stm32cubeide/plugins/com.st.stm32cube.ide.mcu.externaltools.gnu-tools-for-stm32.9-2020-q2-update.win32_2.0.0.202105311346/tools/bin/../lib/gcc/arm-none-eabi/9.3.1/thumb/v7e-m+fp/hard/crtbegin.o

.preinit_array  0x0000000008007bf8        0x0
                0x0000000008007bf8                . = ALIGN (0x4)
                0x0000000008007bf8                PROVIDE (__preinit_array_start = .)
 *(.preinit_array*)
                0x0000000008007bf8                PROVIDE (__preinit_array_end = .)
                0x0000000008007bf8                . = ALIGN (0x4)

.init_array     0x0000000008007bf8        0x4
                0x0000000008007bf8                . = ALIGN (0x4)
                0x0000000008007bf8                PROVIDE (__init_array_start = .)
 *(SORT_BY_NAME(.init_array.*))
 *(.init_array*)
 .init_array    0x0000000008007bf8        0x4 c:/st/stm32cubeide_1.7.0/stm32cubeide/plugins/com.st.stm32cube.ide.mcu.externaltools.gnu-tools-for-stm32.9-2020-q2-update.win32_2.0.0.202105311346/tools/bin/../lib/gcc/arm-none-eabi/9.3.1/thumb/v7e-m+fp/hard/crtbegin.o
                0x0000000008007bfc                PROVIDE (__init_array_end = .)
                0x0000000008007bfc                . = ALIGN (0x4)

.fini_array     0x0000000008007bfc        0x4
                0x0000000008007bfc                . = ALIGN (0x4)
                [!provide]                        PROVIDE (__fini_array_start = .)
 *(SORT_BY_NAME(.fini_array.*))
 *(.fini_array*)
 .fini_array    0x0000000008007bfc        0x4 c:/st/stm32cubeide_1.7.0/stm32cubeide/plugins/com.st.stm32cube.ide.mcu.externaltools.gnu-tools-for-stm32.9-2020-q2-update.win32_2.0.0.202105311346/tools/bin/../lib/gcc/arm-none-eabi/9.3.1/thumb/v7e-m+fp/hard/crtbegin.o
                [!provide]                        PROVIDE (__fini_array_end = .)
                0x0000000008007c00                . = ALIGN (0x4)
                0x0000000008007c00                _sidata = LOADADDR (.data)

.data           0x0000000020000000      0xcd0 load address 0x0000000008007c00
                0x0000000020000000                . = ALIGN (0x4)
                0x0000000020000000                _sdata = .
 *(.data)
 *(.data*)
 .data.mode     0x0000000020000000        0x4 ./Core/Src/main.o
                0x0000000020000000                mode
 .data.mode0    0x0000000020000004       0x10 ./Core/Src/main.o
                0x0000000020000004                mode0
 .data.mode1    0x0000000020000014       0x14 ./Core/Src/main.o
                0x0000000020000014                mode1
 .data.TEMPO_AHA
                0x0000000020000028        0x4 ./Core/Src/main.o
                0x0000000020000028                TEMPO_AHA
 .data.melody_AHA
                0x000000002000002c      0x300 ./Core/Src/main.o
                0x000000002000002c                melody_AHA
 .data.TEMPO_STARWARS
                0x000000002000032c        0x4 ./Core/Src/main.o
                0x000000002000032c                TEMPO_STARWARS
 .data.melody_STARWARS
                0x0000000020000330      0x2c0 ./Core/Src/main.o
                0x0000000020000330                melody_STARWARS
 .data.melody_Potter
                0x00000000200005f0      0x1f0 ./Core/Src/main.o
                0x00000000200005f0                melody_Potter
 .data.TEMPO_POTTER
                0x00000000200007e0        0x4 ./Core/Src/main.o
                0x00000000200007e0                TEMPO_POTTER
 .data.TEMPO_MII
                0x00000000200007e4        0x4 ./Core/Src/main.o
                0x00000000200007e4                TEMPO_MII
 .data.melody_MII
                0x00000000200007e8      0x478 ./Core/Src/main.o
                0x00000000200007e8                melody_MII
 .data.SystemCoreClock
                0x0000000020000c60        0x4 ./Core/Src/system_stm32f4xx.o
                0x0000000020000c60                SystemCoreClock
 .data.uwTickPrio
                0x0000000020000c64        0x4 ./Drivers/STM32F4xx_HAL_Driver/Src/stm32f4xx_hal.o
                0x0000000020000c64                uwTickPrio
 .data.uwTickFreq
                0x0000000020000c68        0x1 ./Drivers/STM32F4xx_HAL_Driver/Src/stm32f4xx_hal.o
                0x0000000020000c68                uwTickFreq
 *fill*         0x0000000020000c69        0x3 
 .data._impure_ptr
                0x0000000020000c6c        0x4 c:/st/stm32cubeide_1.7.0/stm32cubeide/plugins/com.st.stm32cube.ide.mcu.externaltools.gnu-tools-for-stm32.9-2020-q2-update.win32_2.0.0.202105311346/tools/bin/../lib/gcc/arm-none-eabi/9.3.1/../../../../arm-none-eabi/lib/thumb/v7e-m+fp/hard\libc_nano.a(lib_a-impure.o)
                0x0000000020000c6c                _impure_ptr
 .data.impure_data
                0x0000000020000c70       0x60 c:/st/stm32cubeide_1.7.0/stm32cubeide/plugins/com.st.stm32cube.ide.mcu.externaltools.gnu-tools-for-stm32.9-2020-q2-update.win32_2.0.0.202105311346/tools/bin/../lib/gcc/arm-none-eabi/9.3.1/../../../../arm-none-eabi/lib/thumb/v7e-m+fp/hard\libc_nano.a(lib_a-impure.o)
 *(.RamFunc)
 *(.RamFunc*)
                0x0000000020000cd0                . = ALIGN (0x4)
                0x0000000020000cd0                _edata = .
                0x00000000080088d0                _siccmram = LOADADDR (.ccmram)

.igot.plt       0x0000000020000cd0        0x0 load address 0x00000000080088d0
 .igot.plt      0x0000000020000cd0        0x0 c:/st/stm32cubeide_1.7.0/stm32cubeide/plugins/com.st.stm32cube.ide.mcu.externaltools.gnu-tools-for-stm32.9-2020-q2-update.win32_2.0.0.202105311346/tools/bin/../lib/gcc/arm-none-eabi/9.3.1/thumb/v7e-m+fp/hard/crtbegin.o

.ccmram         0x0000000010000000        0x0 load address 0x00000000080088d0
                0x0000000010000000                . = ALIGN (0x4)
                0x0000000010000000                _sccmram = .
 *(.ccmram)
 *(.ccmram*)
                0x0000000010000000                . = ALIGN (0x4)
                0x0000000010000000                _eccmram = .
                0x0000000010000000                . = ALIGN (0x4)

.bss            0x0000000020000cd0      0x360
                0x0000000020000cd0                _sbss = .
                0x0000000020000cd0                __bss_start__ = _sbss
 *(.bss)
 .bss           0x0000000020000cd0       0x1c c:/st/stm32cubeide_1.7.0/stm32cubeide/plugins/com.st.stm32cube.ide.mcu.externaltools.gnu-tools-for-stm32.9-2020-q2-update.win32_2.0.0.202105311346/tools/bin/../lib/gcc/arm-none-eabi/9.3.1/thumb/v7e-m+fp/hard/crtbegin.o
 *(.bss*)
 .bss.ks_state  0x0000000020000cec        0x4 ./Core/Src/kb.o
                0x0000000020000cec                ks_state
 .bss.ks_result
                0x0000000020000cf0        0x1 ./Core/Src/kb.o
                0x0000000020000cf0                ks_result
 .bss.ks_current_row
                0x0000000020000cf1        0x1 ./Core/Src/kb.o
                0x0000000020000cf1                ks_current_row
 *fill*         0x0000000020000cf2        0x2 
 .bss.buf.9520  0x0000000020000cf4        0x4 ./Core/Src/kb.o
 .bss.message   0x0000000020000cf8       0x96 ./Core/Src/main.o
                0x0000000020000cf8                message
 *fill*         0x0000000020000d8e        0x2 
 .bss.write_pointer
                0x0000000020000d90        0x4 ./Core/Src/main.o
                0x0000000020000d90                write_pointer
 .bss.read_pointer
                0x0000000020000d94        0x4 ./Core/Src/main.o
                0x0000000020000d94                read_pointer
 .bss.currentMusicBoxStatus
                0x0000000020000d98        0x1 ./Core/Src/main.o
                0x0000000020000d98                currentMusicBoxStatus
 *fill*         0x0000000020000d99        0x3 
 .bss.custom_melody_size
                0x0000000020000d9c        0x4 ./Core/Src/main.o
                0x0000000020000d9c                custom_melody_size
 .bss.custom_tempo
                0x0000000020000da0        0x4 ./Core/Src/main.o
                0x0000000020000da0                custom_tempo
 .bss.currentTempo
                0x0000000020000da4        0x4 ./Core/Src/main.o
                0x0000000020000da4                currentTempo
 .bss.currentMelodySize
                0x0000000020000da8        0x4 ./Core/Src/main.o
                0x0000000020000da8                currentMelodySize
 .bss.currentMelodyPosition
                0x0000000020000dac        0x4 ./Core/Src/main.o
                0x0000000020000dac                currentMelodyPosition
 .bss.current_row.9558
                0x0000000020000db0        0x4 ./Core/Src/main.o
 .bss.row_result.9559
                0x0000000020000db4       0x10 ./Core/Src/main.o
 .bss.__sbrk_heap_end
                0x0000000020000dc4        0x4 ./Core/Src/sysmem.o
 .bss.__malloc_free_list
                0x0000000020000dc8        0x4 c:/st/stm32cubeide_1.7.0/stm32cubeide/plugins/com.st.stm32cube.ide.mcu.externaltools.gnu-tools-for-stm32.9-2020-q2-update.win32_2.0.0.202105311346/tools/bin/../lib/gcc/arm-none-eabi/9.3.1/../../../../arm-none-eabi/lib/thumb/v7e-m+fp/hard\libc_nano.a(lib_a-nano-mallocr.o)
                0x0000000020000dc8                __malloc_free_list
 .bss.__malloc_sbrk_start
                0x0000000020000dcc        0x4 c:/st/stm32cubeide_1.7.0/stm32cubeide/plugins/com.st.stm32cube.ide.mcu.externaltools.gnu-tools-for-stm32.9-2020-q2-update.win32_2.0.0.202105311346/tools/bin/../lib/gcc/arm-none-eabi/9.3.1/../../../../arm-none-eabi/lib/thumb/v7e-m+fp/hard\libc_nano.a(lib_a-nano-mallocr.o)
                0x0000000020000dcc                __malloc_sbrk_start
 *(COMMON)
 COMMON         0x0000000020000dd0       0x54 ./Core/Src/i2c.o
                0x0000000020000dd0                hi2c1
 COMMON         0x0000000020000e24      0x124 ./Core/Src/main.o
                0x0000000020000e24                custom_melody
                0x0000000020000f24                buffer
                0x0000000020000f44                currentMelody
 COMMON         0x0000000020000f48       0x90 ./Core/Src/tim.o
                0x0000000020000f48                htim6
                0x0000000020000f90                htim2
 COMMON         0x0000000020000fd8       0x44 ./Core/Src/usart.o
                0x0000000020000fd8                huart6
 COMMON         0x000000002000101c        0x4 ./Drivers/STM32F4xx_HAL_Driver/Src/stm32f4xx_hal.o
                0x000000002000101c                uwTick
 COMMON         0x0000000020001020        0x4 c:/st/stm32cubeide_1.7.0/stm32cubeide/plugins/com.st.stm32cube.ide.mcu.externaltools.gnu-tools-for-stm32.9-2020-q2-update.win32_2.0.0.202105311346/tools/bin/../lib/gcc/arm-none-eabi/9.3.1/../../../../arm-none-eabi/lib/thumb/v7e-m+fp/hard\libc_nano.a(lib_a-reent.o)
                0x0000000020001020                errno
 COMMON         0x0000000020001024        0x9 c:/st/stm32cubeide_1.7.0/stm32cubeide/plugins/com.st.stm32cube.ide.mcu.externaltools.gnu-tools-for-stm32.9-2020-q2-update.win32_2.0.0.202105311346/tools/bin/../lib/gcc/arm-none-eabi/9.3.1/../../../../arm-none-eabi/lib/thumb/v7e-m+fp/hard\libc_nano.a(lib_a-lock.o)
                0x0000000020001024                __lock___atexit_recursive_mutex
                0x0000000020001025                __lock___arc4random_mutex
                0x0000000020001026                __lock___env_recursive_mutex
                0x0000000020001027                __lock___sinit_recursive_mutex
                0x0000000020001028                __lock___malloc_recursive_mutex
                0x0000000020001029                __lock___at_quick_exit_mutex
                0x000000002000102a                __lock___dd_hash_mutex
                0x000000002000102b                __lock___tz_mutex
                0x000000002000102c                __lock___sfp_recursive_mutex
                0x0000000020001030                . = ALIGN (0x4)
 *fill*         0x000000002000102d        0x3 
                0x0000000020001030                _ebss = .
                0x0000000020001030                __bss_end__ = _ebss

._user_heap_stack
                0x0000000020001030      0x600
                0x0000000020001030                . = ALIGN (0x8)
                [!provide]                        PROVIDE (end = .)
                0x0000000020001030                PROVIDE (_end = .)
                0x0000000020001230                . = (. + _Min_Heap_Size)
 *fill*         0x0000000020001030      0x200 
                0x0000000020001630                . = (. + _Min_Stack_Size)
 *fill*         0x0000000020001230      0x400 
                0x0000000020001630                . = ALIGN (0x8)

/DISCARD/
 libc.a(*)
 libm.a(*)
 libgcc.a(*)

.ARM.attributes
                0x0000000000000000       0x30
 *(.ARM.attributes)
 .ARM.attributes
                0x0000000000000000       0x1e c:/st/stm32cubeide_1.7.0/stm32cubeide/plugins/com.st.stm32cube.ide.mcu.externaltools.gnu-tools-for-stm32.9-2020-q2-update.win32_2.0.0.202105311346/tools/bin/../lib/gcc/arm-none-eabi/9.3.1/thumb/v7e-m+fp/hard/crti.o
 .ARM.attributes
                0x000000000000001e       0x34 c:/st/stm32cubeide_1.7.0/stm32cubeide/plugins/com.st.stm32cube.ide.mcu.externaltools.gnu-tools-for-stm32.9-2020-q2-update.win32_2.0.0.202105311346/tools/bin/../lib/gcc/arm-none-eabi/9.3.1/thumb/v7e-m+fp/hard/crtbegin.o
 .ARM.attributes
                0x0000000000000052       0x34 ./Core/Src/gpio.o
 .ARM.attributes
                0x0000000000000086       0x34 ./Core/Src/hal_driver.o
 .ARM.attributes
                0x00000000000000ba       0x34 ./Core/Src/i2c.o
 .ARM.attributes
                0x00000000000000ee       0x34 ./Core/Src/kb.o
 .ARM.attributes
                0x0000000000000122       0x34 ./Core/Src/main.o
 .ARM.attributes
                0x0000000000000156       0x34 ./Core/Src/pca9538.o
 .ARM.attributes
                0x000000000000018a       0x34 ./Core/Src/sdk_uart.o
 .ARM.attributes
                0x00000000000001be       0x34 ./Core/Src/sound_driver.o
 .ARM.attributes
                0x00000000000001f2       0x34 ./Core/Src/stm32f4xx_hal_msp.o
 .ARM.attributes
                0x0000000000000226       0x34 ./Core/Src/stm32f4xx_it.o
 .ARM.attributes
                0x000000000000025a       0x34 ./Core/Src/sysmem.o
 .ARM.attributes
                0x000000000000028e       0x34 ./Core/Src/system_stm32f4xx.o
 .ARM.attributes
                0x00000000000002c2       0x34 ./Core/Src/tim.o
 .ARM.attributes
                0x00000000000002f6       0x34 ./Core/Src/usart.o
 .ARM.attributes
                0x000000000000032a       0x21 ./Core/Startup/startup_stm32f407vgtx.o
 .ARM.attributes
                0x000000000000034b       0x34 ./Drivers/STM32F4xx_HAL_Driver/Src/stm32f4xx_hal.o
 .ARM.attributes
                0x000000000000037f       0x34 ./Drivers/STM32F4xx_HAL_Driver/Src/stm32f4xx_hal_cortex.o
 .ARM.attributes
                0x00000000000003b3       0x34 ./Drivers/STM32F4xx_HAL_Driver/Src/stm32f4xx_hal_dma.o
 .ARM.attributes
                0x00000000000003e7       0x34 ./Drivers/STM32F4xx_HAL_Driver/Src/stm32f4xx_hal_gpio.o
 .ARM.attributes
                0x000000000000041b       0x34 ./Drivers/STM32F4xx_HAL_Driver/Src/stm32f4xx_hal_i2c.o
 .ARM.attributes
                0x000000000000044f       0x34 ./Drivers/STM32F4xx_HAL_Driver/Src/stm32f4xx_hal_rcc.o
 .ARM.attributes
                0x0000000000000483       0x34 ./Drivers/STM32F4xx_HAL_Driver/Src/stm32f4xx_hal_tim.o
 .ARM.attributes
                0x00000000000004b7       0x34 ./Drivers/STM32F4xx_HAL_Driver/Src/stm32f4xx_hal_tim_ex.o
 .ARM.attributes
                0x00000000000004eb       0x34 ./Drivers/STM32F4xx_HAL_Driver/Src/stm32f4xx_hal_uart.o
 .ARM.attributes
                0x000000000000051f       0x34 c:/st/stm32cubeide_1.7.0/stm32cubeide/plugins/com.st.stm32cube.ide.mcu.externaltools.gnu-tools-for-stm32.9-2020-q2-update.win32_2.0.0.202105311346/tools/bin/../lib/gcc/arm-none-eabi/9.3.1/../../../../arm-none-eabi/lib/thumb/v7e-m+fp/hard\libc_nano.a(lib_a-errno.o)
 .ARM.attributes
                0x0000000000000553       0x32 c:/st/stm32cubeide_1.7.0/stm32cubeide/plugins/com.st.stm32cube.ide.mcu.externaltools.gnu-tools-for-stm32.9-2020-q2-update.win32_2.0.0.202105311346/tools/bin/../lib/gcc/arm-none-eabi/9.3.1/../../../../arm-none-eabi/lib/thumb/v7e-m+fp/hard\libc_nano.a(lib_a-impure.o)
 .ARM.attributes
                0x0000000000000585       0x34 c:/st/stm32cubeide_1.7.0/stm32cubeide/plugins/com.st.stm32cube.ide.mcu.externaltools.gnu-tools-for-stm32.9-2020-q2-update.win32_2.0.0.202105311346/tools/bin/../lib/gcc/arm-none-eabi/9.3.1/../../../../arm-none-eabi/lib/thumb/v7e-m+fp/hard\libc_nano.a(lib_a-init.o)
 .ARM.attributes
                0x00000000000005b9       0x34 c:/st/stm32cubeide_1.7.0/stm32cubeide/plugins/com.st.stm32cube.ide.mcu.externaltools.gnu-tools-for-stm32.9-2020-q2-update.win32_2.0.0.202105311346/tools/bin/../lib/gcc/arm-none-eabi/9.3.1/../../../../arm-none-eabi/lib/thumb/v7e-m+fp/hard\libc_nano.a(lib_a-memset.o)
 .ARM.attributes
                0x00000000000005ed       0x34 c:/st/stm32cubeide_1.7.0/stm32cubeide/plugins/com.st.stm32cube.ide.mcu.externaltools.gnu-tools-for-stm32.9-2020-q2-update.win32_2.0.0.202105311346/tools/bin/../lib/gcc/arm-none-eabi/9.3.1/../../../../arm-none-eabi/lib/thumb/v7e-m+fp/hard\libc_nano.a(lib_a-snprintf.o)
 .ARM.attributes
                0x0000000000000621       0x17 c:/st/stm32cubeide_1.7.0/stm32cubeide/plugins/com.st.stm32cube.ide.mcu.externaltools.gnu-tools-for-stm32.9-2020-q2-update.win32_2.0.0.202105311346/tools/bin/../lib/gcc/arm-none-eabi/9.3.1/../../../../arm-none-eabi/lib/thumb/v7e-m+fp/hard\libc_nano.a(lib_a-strlen.o)
 .ARM.attributes
                0x0000000000000638       0x34 c:/st/stm32cubeide_1.7.0/stm32cubeide/plugins/com.st.stm32cube.ide.mcu.externaltools.gnu-tools-for-stm32.9-2020-q2-update.win32_2.0.0.202105311346/tools/bin/../lib/gcc/arm-none-eabi/9.3.1/../../../../arm-none-eabi/lib/thumb/v7e-m+fp/hard\libc_nano.a(lib_a-nano-svfprintf.o)
 .ARM.attributes
                0x000000000000066c       0x34 c:/st/stm32cubeide_1.7.0/stm32cubeide/plugins/com.st.stm32cube.ide.mcu.externaltools.gnu-tools-for-stm32.9-2020-q2-update.win32_2.0.0.202105311346/tools/bin/../lib/gcc/arm-none-eabi/9.3.1/../../../../arm-none-eabi/lib/thumb/v7e-m+fp/hard\libc_nano.a(lib_a-nano-vfprintf_i.o)
 .ARM.attributes
                0x00000000000006a0       0x1c c:/st/stm32cubeide_1.7.0/stm32cubeide/plugins/com.st.stm32cube.ide.mcu.externaltools.gnu-tools-for-stm32.9-2020-q2-update.win32_2.0.0.202105311346/tools/bin/../lib/gcc/arm-none-eabi/9.3.1/../../../../arm-none-eabi/lib/thumb/v7e-m+fp/hard\libc_nano.a(lib_a-memchr.o)
 .ARM.attributes
                0x00000000000006bc       0x34 c:/st/stm32cubeide_1.7.0/stm32cubeide/plugins/com.st.stm32cube.ide.mcu.externaltools.gnu-tools-for-stm32.9-2020-q2-update.win32_2.0.0.202105311346/tools/bin/../lib/gcc/arm-none-eabi/9.3.1/../../../../arm-none-eabi/lib/thumb/v7e-m+fp/hard\libc_nano.a(lib_a-memcpy-stub.o)
 .ARM.attributes
                0x00000000000006f0       0x34 c:/st/stm32cubeide_1.7.0/stm32cubeide/plugins/com.st.stm32cube.ide.mcu.externaltools.gnu-tools-for-stm32.9-2020-q2-update.win32_2.0.0.202105311346/tools/bin/../lib/gcc/arm-none-eabi/9.3.1/../../../../arm-none-eabi/lib/thumb/v7e-m+fp/hard\libc_nano.a(lib_a-memmove.o)
 .ARM.attributes
                0x0000000000000724       0x34 c:/st/stm32cubeide_1.7.0/stm32cubeide/plugins/com.st.stm32cube.ide.mcu.externaltools.gnu-tools-for-stm32.9-2020-q2-update.win32_2.0.0.202105311346/tools/bin/../lib/gcc/arm-none-eabi/9.3.1/../../../../arm-none-eabi/lib/thumb/v7e-m+fp/hard\libc_nano.a(lib_a-nano-freer.o)
 .ARM.attributes
                0x0000000000000758       0x34 c:/st/stm32cubeide_1.7.0/stm32cubeide/plugins/com.st.stm32cube.ide.mcu.externaltools.gnu-tools-for-stm32.9-2020-q2-update.win32_2.0.0.202105311346/tools/bin/../lib/gcc/arm-none-eabi/9.3.1/../../../../arm-none-eabi/lib/thumb/v7e-m+fp/hard\libc_nano.a(lib_a-nano-mallocr.o)
 .ARM.attributes
                0x000000000000078c       0x34 c:/st/stm32cubeide_1.7.0/stm32cubeide/plugins/com.st.stm32cube.ide.mcu.externaltools.gnu-tools-for-stm32.9-2020-q2-update.win32_2.0.0.202105311346/tools/bin/../lib/gcc/arm-none-eabi/9.3.1/../../../../arm-none-eabi/lib/thumb/v7e-m+fp/hard\libc_nano.a(lib_a-nano-reallocr.o)
 .ARM.attributes
                0x00000000000007c0       0x34 c:/st/stm32cubeide_1.7.0/stm32cubeide/plugins/com.st.stm32cube.ide.mcu.externaltools.gnu-tools-for-stm32.9-2020-q2-update.win32_2.0.0.202105311346/tools/bin/../lib/gcc/arm-none-eabi/9.3.1/../../../../arm-none-eabi/lib/thumb/v7e-m+fp/hard\libc_nano.a(lib_a-sbrkr.o)
 .ARM.attributes
                0x00000000000007f4       0x34 c:/st/stm32cubeide_1.7.0/stm32cubeide/plugins/com.st.stm32cube.ide.mcu.externaltools.gnu-tools-for-stm32.9-2020-q2-update.win32_2.0.0.202105311346/tools/bin/../lib/gcc/arm-none-eabi/9.3.1/../../../../arm-none-eabi/lib/thumb/v7e-m+fp/hard\libc_nano.a(lib_a-mlock.o)
 .ARM.attributes
                0x0000000000000828       0x34 c:/st/stm32cubeide_1.7.0/stm32cubeide/plugins/com.st.stm32cube.ide.mcu.externaltools.gnu-tools-for-stm32.9-2020-q2-update.win32_2.0.0.202105311346/tools/bin/../lib/gcc/arm-none-eabi/9.3.1/../../../../arm-none-eabi/lib/thumb/v7e-m+fp/hard\libc_nano.a(lib_a-nano-msizer.o)
 .ARM.attributes
                0x000000000000085c       0x34 c:/st/stm32cubeide_1.7.0/stm32cubeide/plugins/com.st.stm32cube.ide.mcu.externaltools.gnu-tools-for-stm32.9-2020-q2-update.win32_2.0.0.202105311346/tools/bin/../lib/gcc/arm-none-eabi/9.3.1/../../../../arm-none-eabi/lib/thumb/v7e-m+fp/hard\libc_nano.a(lib_a-reent.o)
 .ARM.attributes
                0x0000000000000890       0x34 c:/st/stm32cubeide_1.7.0/stm32cubeide/plugins/com.st.stm32cube.ide.mcu.externaltools.gnu-tools-for-stm32.9-2020-q2-update.win32_2.0.0.202105311346/tools/bin/../lib/gcc/arm-none-eabi/9.3.1/../../../../arm-none-eabi/lib/thumb/v7e-m+fp/hard\libc_nano.a(lib_a-lock.o)
 .ARM.attributes
                0x00000000000008c4       0x1e c:/st/stm32cubeide_1.7.0/stm32cubeide/plugins/com.st.stm32cube.ide.mcu.externaltools.gnu-tools-for-stm32.9-2020-q2-update.win32_2.0.0.202105311346/tools/bin/../lib/gcc/arm-none-eabi/9.3.1/thumb/v7e-m+fp/hard\libgcc.a(_arm_muldf3.o)
 .ARM.attributes
                0x00000000000008e2       0x1e c:/st/stm32cubeide_1.7.0/stm32cubeide/plugins/com.st.stm32cube.ide.mcu.externaltools.gnu-tools-for-stm32.9-2020-q2-update.win32_2.0.0.202105311346/tools/bin/../lib/gcc/arm-none-eabi/9.3.1/thumb/v7e-m+fp/hard\libgcc.a(_arm_addsubdf3.o)
 .ARM.attributes
                0x0000000000000900       0x1e c:/st/stm32cubeide_1.7.0/stm32cubeide/plugins/com.st.stm32cube.ide.mcu.externaltools.gnu-tools-for-stm32.9-2020-q2-update.win32_2.0.0.202105311346/tools/bin/../lib/gcc/arm-none-eabi/9.3.1/thumb/v7e-m+fp/hard\libgcc.a(_arm_cmpdf2.o)
 .ARM.attributes
                0x000000000000091e       0x1e c:/st/stm32cubeide_1.7.0/stm32cubeide/plugins/com.st.stm32cube.ide.mcu.externaltools.gnu-tools-for-stm32.9-2020-q2-update.win32_2.0.0.202105311346/tools/bin/../lib/gcc/arm-none-eabi/9.3.1/thumb/v7e-m+fp/hard\libgcc.a(_arm_fixdfsi.o)
 .ARM.attributes
                0x000000000000093c       0x1e c:/st/stm32cubeide_1.7.0/stm32cubeide/plugins/com.st.stm32cube.ide.mcu.externaltools.gnu-tools-for-stm32.9-2020-q2-update.win32_2.0.0.202105311346/tools/bin/../lib/gcc/arm-none-eabi/9.3.1/thumb/v7e-m+fp/hard\libgcc.a(_aeabi_uldivmod.o)
 .ARM.attributes
                0x000000000000095a       0x34 c:/st/stm32cubeide_1.7.0/stm32cubeide/plugins/com.st.stm32cube.ide.mcu.externaltools.gnu-tools-for-stm32.9-2020-q2-update.win32_2.0.0.202105311346/tools/bin/../lib/gcc/arm-none-eabi/9.3.1/thumb/v7e-m+fp/hard\libgcc.a(_udivmoddi4.o)
 .ARM.attributes
                0x000000000000098e       0x1e c:/st/stm32cubeide_1.7.0/stm32cubeide/plugins/com.st.stm32cube.ide.mcu.externaltools.gnu-tools-for-stm32.9-2020-q2-update.win32_2.0.0.202105311346/tools/bin/../lib/gcc/arm-none-eabi/9.3.1/thumb/v7e-m+fp/hard\libgcc.a(_dvmd_tls.o)
 .ARM.attributes
                0x00000000000009ac       0x1e c:/st/stm32cubeide_1.7.0/stm32cubeide/plugins/com.st.stm32cube.ide.mcu.externaltools.gnu-tools-for-stm32.9-2020-q2-update.win32_2.0.0.202105311346/tools/bin/../lib/gcc/arm-none-eabi/9.3.1/thumb/v7e-m+fp/hard/crtn.o
OUTPUT(Lab1.elf elf32-littlearm)
LOAD linker stubs
LOAD c:/st/stm32cubeide_1.7.0/stm32cubeide/plugins/com.st.stm32cube.ide.mcu.externaltools.gnu-tools-for-stm32.9-2020-q2-update.win32_2.0.0.202105311346/tools/bin/../lib/gcc/arm-none-eabi/9.3.1/../../../../arm-none-eabi/lib/thumb/v7e-m+fp/hard\libc.a
LOAD c:/st/stm32cubeide_1.7.0/stm32cubeide/plugins/com.st.stm32cube.ide.mcu.externaltools.gnu-tools-for-stm32.9-2020-q2-update.win32_2.0.0.202105311346/tools/bin/../lib/gcc/arm-none-eabi/9.3.1/../../../../arm-none-eabi/lib/thumb/v7e-m+fp/hard\libm.a
LOAD c:/st/stm32cubeide_1.7.0/stm32cubeide/plugins/com.st.stm32cube.ide.mcu.externaltools.gnu-tools-for-stm32.9-2020-q2-update.win32_2.0.0.202105311346/tools/bin/../lib/gcc/arm-none-eabi/9.3.1/thumb/v7e-m+fp/hard\libgcc.a

.debug_info     0x0000000000000000    0x17e40
 .debug_info    0x0000000000000000      0x52f ./Core/Src/gpio.o
 .debug_info    0x000000000000052f      0x36d ./Core/Src/hal_driver.o
 .debug_info    0x000000000000089c      0xca2 ./Core/Src/i2c.o
 .debug_info    0x000000000000153e     0x118b ./Core/Src/kb.o
 .debug_info    0x00000000000026c9     0x23a6 ./Core/Src/main.o
 .debug_info    0x0000000000004a6f     0x1177 ./Core/Src/pca9538.o
 .debug_info    0x0000000000005be6      0xf95 ./Core/Src/sdk_uart.o
 .debug_info    0x0000000000006b7b      0x8df ./Core/Src/sound_driver.o
 .debug_info    0x000000000000745a      0x394 ./Core/Src/stm32f4xx_hal_msp.o
 .debug_info    0x00000000000077ee      0xd45 ./Core/Src/stm32f4xx_it.o
 .debug_info    0x0000000000008533      0xa25 ./Core/Src/sysmem.o
 .debug_info    0x0000000000008f58      0x5a4 ./Core/Src/system_stm32f4xx.o
 .debug_info    0x00000000000094fc      0xebc ./Core/Src/tim.o
 .debug_info    0x000000000000a3b8      0xc29 ./Core/Src/usart.o
 .debug_info    0x000000000000afe1       0x22 ./Core/Startup/startup_stm32f407vgtx.o
 .debug_info    0x000000000000b003      0x9b2 ./Drivers/STM32F4xx_HAL_Driver/Src/stm32f4xx_hal.o
 .debug_info    0x000000000000b9b5      0xed7 ./Drivers/STM32F4xx_HAL_Driver/Src/stm32f4xx_hal_cortex.o
 .debug_info    0x000000000000c88c      0x9f1 ./Drivers/STM32F4xx_HAL_Driver/Src/stm32f4xx_hal_dma.o
 .debug_info    0x000000000000d27d      0x83e ./Drivers/STM32F4xx_HAL_Driver/Src/stm32f4xx_hal_gpio.o
 .debug_info    0x000000000000dabb     0x264d ./Drivers/STM32F4xx_HAL_Driver/Src/stm32f4xx_hal_i2c.o
 .debug_info    0x0000000000010108      0x996 ./Drivers/STM32F4xx_HAL_Driver/Src/stm32f4xx_hal_rcc.o
 .debug_info    0x0000000000010a9e     0x2c22 ./Drivers/STM32F4xx_HAL_Driver/Src/stm32f4xx_hal_tim.o
 .debug_info    0x00000000000136c0     0x15a2 ./Drivers/STM32F4xx_HAL_Driver/Src/stm32f4xx_hal_tim_ex.o
 .debug_info    0x0000000000014c62     0x31de ./Drivers/STM32F4xx_HAL_Driver/Src/stm32f4xx_hal_uart.o

.debug_abbrev   0x0000000000000000     0x3136
 .debug_abbrev  0x0000000000000000      0x14e ./Core/Src/gpio.o
 .debug_abbrev  0x000000000000014e      0x171 ./Core/Src/hal_driver.o
 .debug_abbrev  0x00000000000002bf      0x1c4 ./Core/Src/i2c.o
 .debug_abbrev  0x0000000000000483      0x236 ./Core/Src/kb.o
 .debug_abbrev  0x00000000000006b9      0x4a4 ./Core/Src/main.o
 .debug_abbrev  0x0000000000000b5d      0x22a ./Core/Src/pca9538.o
 .debug_abbrev  0x0000000000000d87      0x217 ./Core/Src/sdk_uart.o
 .debug_abbrev  0x0000000000000f9e      0x22a ./Core/Src/sound_driver.o
 .debug_abbrev  0x00000000000011c8      0x11d ./Core/Src/stm32f4xx_hal_msp.o
 .debug_abbrev  0x00000000000012e5      0x176 ./Core/Src/stm32f4xx_it.o
 .debug_abbrev  0x000000000000145b      0x1bf ./Core/Src/sysmem.o
 .debug_abbrev  0x000000000000161a      0x145 ./Core/Src/system_stm32f4xx.o
 .debug_abbrev  0x000000000000175f      0x1e8 ./Core/Src/tim.o
 .debug_abbrev  0x0000000000001947      0x1c4 ./Core/Src/usart.o
 .debug_abbrev  0x0000000000001b0b       0x12 ./Core/Startup/startup_stm32f407vgtx.o
 .debug_abbrev  0x0000000000001b1d      0x1ed ./Drivers/STM32F4xx_HAL_Driver/Src/stm32f4xx_hal.o
 .debug_abbrev  0x0000000000001d0a      0x33c ./Drivers/STM32F4xx_HAL_Driver/Src/stm32f4xx_hal_cortex.o
 .debug_abbrev  0x0000000000002046      0x259 ./Drivers/STM32F4xx_HAL_Driver/Src/stm32f4xx_hal_dma.o
 .debug_abbrev  0x000000000000229f      0x1f1 ./Drivers/STM32F4xx_HAL_Driver/Src/stm32f4xx_hal_gpio.o
 .debug_abbrev  0x0000000000002490      0x282 ./Drivers/STM32F4xx_HAL_Driver/Src/stm32f4xx_hal_i2c.o
 .debug_abbrev  0x0000000000002712      0x275 ./Drivers/STM32F4xx_HAL_Driver/Src/stm32f4xx_hal_rcc.o
 .debug_abbrev  0x0000000000002987      0x25e ./Drivers/STM32F4xx_HAL_Driver/Src/stm32f4xx_hal_tim.o
 .debug_abbrev  0x0000000000002be5      0x266 ./Drivers/STM32F4xx_HAL_Driver/Src/stm32f4xx_hal_tim_ex.o
 .debug_abbrev  0x0000000000002e4b      0x2eb ./Drivers/STM32F4xx_HAL_Driver/Src/stm32f4xx_hal_uart.o

.debug_aranges  0x0000000000000000     0x1180
 .debug_aranges
                0x0000000000000000       0x20 ./Core/Src/gpio.o
 .debug_aranges
                0x0000000000000020       0x78 ./Core/Src/hal_driver.o
 .debug_aranges
                0x0000000000000098       0x30 ./Core/Src/i2c.o
 .debug_aranges
                0x00000000000000c8       0x30 ./Core/Src/kb.o
 .debug_aranges
                0x00000000000000f8       0xf8 ./Core/Src/main.o
 .debug_aranges
                0x00000000000001f0       0x40 ./Core/Src/pca9538.o
 .debug_aranges
                0x0000000000000230       0x28 ./Core/Src/sdk_uart.o
 .debug_aranges
                0x0000000000000258       0x48 ./Core/Src/sound_driver.o
 .debug_aranges
                0x00000000000002a0       0x20 ./Core/Src/stm32f4xx_hal_msp.o
 .debug_aranges
                0x00000000000002c0       0x80 ./Core/Src/stm32f4xx_it.o
 .debug_aranges
                0x0000000000000340       0x20 ./Core/Src/sysmem.o
 .debug_aranges
                0x0000000000000360       0x28 ./Core/Src/system_stm32f4xx.o
 .debug_aranges
                0x0000000000000388       0x50 ./Core/Src/tim.o
 .debug_aranges
                0x00000000000003d8       0x30 ./Core/Src/usart.o
 .debug_aranges
                0x0000000000000408       0x28 ./Core/Startup/startup_stm32f407vgtx.o
 .debug_aranges
                0x0000000000000430       0xf0 ./Drivers/STM32F4xx_HAL_Driver/Src/stm32f4xx_hal.o
 .debug_aranges
                0x0000000000000520      0x118 ./Drivers/STM32F4xx_HAL_Driver/Src/stm32f4xx_hal_cortex.o
 .debug_aranges
                0x0000000000000638       0x90 ./Drivers/STM32F4xx_HAL_Driver/Src/stm32f4xx_hal_dma.o
 .debug_aranges
                0x00000000000006c8       0x58 ./Drivers/STM32F4xx_HAL_Driver/Src/stm32f4xx_hal_gpio.o
 .debug_aranges
                0x0000000000000720      0x2a0 ./Drivers/STM32F4xx_HAL_Driver/Src/stm32f4xx_hal_i2c.o
 .debug_aranges
                0x00000000000009c0       0x88 ./Drivers/STM32F4xx_HAL_Driver/Src/stm32f4xx_hal_rcc.o
 .debug_aranges
                0x0000000000000a48      0x3d0 ./Drivers/STM32F4xx_HAL_Driver/Src/stm32f4xx_hal_tim.o
 .debug_aranges
                0x0000000000000e18      0x168 ./Drivers/STM32F4xx_HAL_Driver/Src/stm32f4xx_hal_tim_ex.o
 .debug_aranges
                0x0000000000000f80      0x200 ./Drivers/STM32F4xx_HAL_Driver/Src/stm32f4xx_hal_uart.o

.debug_ranges   0x0000000000000000     0x1060
 .debug_ranges  0x0000000000000000       0x10 ./Core/Src/gpio.o
 .debug_ranges  0x0000000000000010       0x68 ./Core/Src/hal_driver.o
 .debug_ranges  0x0000000000000078       0x20 ./Core/Src/i2c.o
 .debug_ranges  0x0000000000000098       0x20 ./Core/Src/kb.o
 .debug_ranges  0x00000000000000b8       0xe8 ./Core/Src/main.o
 .debug_ranges  0x00000000000001a0       0x30 ./Core/Src/pca9538.o
 .debug_ranges  0x00000000000001d0       0x18 ./Core/Src/sdk_uart.o
 .debug_ranges  0x00000000000001e8       0x38 ./Core/Src/sound_driver.o
 .debug_ranges  0x0000000000000220       0x10 ./Core/Src/stm32f4xx_hal_msp.o
 .debug_ranges  0x0000000000000230       0x70 ./Core/Src/stm32f4xx_it.o
 .debug_ranges  0x00000000000002a0       0x10 ./Core/Src/sysmem.o
 .debug_ranges  0x00000000000002b0       0x18 ./Core/Src/system_stm32f4xx.o
 .debug_ranges  0x00000000000002c8       0x40 ./Core/Src/tim.o
 .debug_ranges  0x0000000000000308       0x20 ./Core/Src/usart.o
 .debug_ranges  0x0000000000000328       0x20 ./Core/Startup/startup_stm32f407vgtx.o
 .debug_ranges  0x0000000000000348       0xe0 ./Drivers/STM32F4xx_HAL_Driver/Src/stm32f4xx_hal.o
 .debug_ranges  0x0000000000000428      0x108 ./Drivers/STM32F4xx_HAL_Driver/Src/stm32f4xx_hal_cortex.o
 .debug_ranges  0x0000000000000530       0x80 ./Drivers/STM32F4xx_HAL_Driver/Src/stm32f4xx_hal_dma.o
 .debug_ranges  0x00000000000005b0       0x48 ./Drivers/STM32F4xx_HAL_Driver/Src/stm32f4xx_hal_gpio.o
 .debug_ranges  0x00000000000005f8      0x2b8 ./Drivers/STM32F4xx_HAL_Driver/Src/stm32f4xx_hal_i2c.o
 .debug_ranges  0x00000000000008b0       0x78 ./Drivers/STM32F4xx_HAL_Driver/Src/stm32f4xx_hal_rcc.o
 .debug_ranges  0x0000000000000928      0x3c0 ./Drivers/STM32F4xx_HAL_Driver/Src/stm32f4xx_hal_tim.o
 .debug_ranges  0x0000000000000ce8      0x158 ./Drivers/STM32F4xx_HAL_Driver/Src/stm32f4xx_hal_tim_ex.o
 .debug_ranges  0x0000000000000e40      0x220 ./Drivers/STM32F4xx_HAL_Driver/Src/stm32f4xx_hal_uart.o

.debug_macro    0x0000000000000000    0x23145
 .debug_macro   0x0000000000000000      0x1fc ./Core/Src/gpio.o
 .debug_macro   0x00000000000001fc      0xaa8 ./Core/Src/gpio.o
 .debug_macro   0x0000000000000ca4      0x2a1 ./Core/Src/gpio.o
 .debug_macro   0x0000000000000f45       0x2e ./Core/Src/gpio.o
 .debug_macro   0x0000000000000f73       0x2f ./Core/Src/gpio.o
 .debug_macro   0x0000000000000fa2       0x22 ./Core/Src/gpio.o
 .debug_macro   0x0000000000000fc4       0x8e ./Core/Src/gpio.o
 .debug_macro   0x0000000000001052       0x51 ./Core/Src/gpio.o
 .debug_macro   0x00000000000010a3      0x103 ./Core/Src/gpio.o
 .debug_macro   0x00000000000011a6       0x6a ./Core/Src/gpio.o
 .debug_macro   0x0000000000001210      0x1df ./Core/Src/gpio.o
 .debug_macro   0x00000000000013ef       0x1c ./Core/Src/gpio.o
 .debug_macro   0x000000000000140b       0x22 ./Core/Src/gpio.o
 .debug_macro   0x000000000000142d       0xdf ./Core/Src/gpio.o
 .debug_macro   0x000000000000150c     0x102d ./Core/Src/gpio.o
 .debug_macro   0x0000000000002539      0x11f ./Core/Src/gpio.o
 .debug_macro   0x0000000000002658    0x15e58 ./Core/Src/gpio.o
 .debug_macro   0x00000000000184b0       0x6d ./Core/Src/gpio.o
 .debug_macro   0x000000000001851d     0x3666 ./Core/Src/gpio.o
 .debug_macro   0x000000000001bb83      0x174 ./Core/Src/gpio.o
 .debug_macro   0x000000000001bcf7       0x5c ./Core/Src/gpio.o
 .debug_macro   0x000000000001bd53      0x96b ./Core/Src/gpio.o
 .debug_macro   0x000000000001c6be      0x9fe ./Core/Src/gpio.o
 .debug_macro   0x000000000001d0bc      0x116 ./Core/Src/gpio.o
 .debug_macro   0x000000000001d1d2      0x13e ./Core/Src/gpio.o
 .debug_macro   0x000000000001d310       0xa5 ./Core/Src/gpio.o
 .debug_macro   0x000000000001d3b5      0x174 ./Core/Src/gpio.o
 .debug_macro   0x000000000001d529      0x287 ./Core/Src/gpio.o
 .debug_macro   0x000000000001d7b0       0x5f ./Core/Src/gpio.o
 .debug_macro   0x000000000001d80f      0x236 ./Core/Src/gpio.o
 .debug_macro   0x000000000001da45      0x12c ./Core/Src/gpio.o
 .debug_macro   0x000000000001db71      0x21e ./Core/Src/gpio.o
 .debug_macro   0x000000000001dd8f       0x2e ./Core/Src/gpio.o
 .debug_macro   0x000000000001ddbd      0x1b5 ./Core/Src/gpio.o
 .debug_macro   0x000000000001df72       0xd6 ./Core/Src/gpio.o
 .debug_macro   0x000000000001e048      0x11a ./Core/Src/gpio.o
 .debug_macro   0x000000000001e162       0x7e ./Core/Src/gpio.o
 .debug_macro   0x000000000001e1e0       0x89 ./Core/Src/gpio.o
 .debug_macro   0x000000000001e269      0x8d1 ./Core/Src/gpio.o
 .debug_macro   0x000000000001eb3a       0x47 ./Core/Src/gpio.o
 .debug_macro   0x000000000001eb81      0x295 ./Core/Src/gpio.o
 .debug_macro   0x000000000001ee16      0x12d ./Core/Src/gpio.o
 .debug_macro   0x000000000001ef43      0x206 ./Core/Src/hal_driver.o
 .debug_macro   0x000000000001f149      0x1fc ./Core/Src/i2c.o
 .debug_macro   0x000000000001f345      0x3b0 ./Core/Src/kb.o
 .debug_macro   0x000000000001f6f5       0x16 ./Core/Src/kb.o
 .debug_macro   0x000000000001f70b       0x52 ./Core/Src/kb.o
 .debug_macro   0x000000000001f75d       0x18 ./Core/Src/kb.o
 .debug_macro   0x000000000001f775       0x3c ./Core/Src/kb.o
 .debug_macro   0x000000000001f7b1       0x34 ./Core/Src/kb.o
 .debug_macro   0x000000000001f7e5       0x16 ./Core/Src/kb.o
 .debug_macro   0x000000000001f7fb       0x35 ./Core/Src/kb.o
 .debug_macro   0x000000000001f830      0x333 ./Core/Src/kb.o
 .debug_macro   0x000000000001fb63       0x10 ./Core/Src/kb.o
 .debug_macro   0x000000000001fb73       0x16 ./Core/Src/kb.o
 .debug_macro   0x000000000001fb89       0x43 ./Core/Src/kb.o
 .debug_macro   0x000000000001fbcc       0x34 ./Core/Src/kb.o
 .debug_macro   0x000000000001fc00       0x10 ./Core/Src/kb.o
 .debug_macro   0x000000000001fc10       0x58 ./Core/Src/kb.o
 .debug_macro   0x000000000001fc68       0x71 ./Core/Src/kb.o
 .debug_macro   0x000000000001fcd9       0x1c ./Core/Src/kb.o
 .debug_macro   0x000000000001fcf5      0x12a ./Core/Src/kb.o
 .debug_macro   0x000000000001fe1f       0x10 ./Core/Src/kb.o
 .debug_macro   0x000000000001fe2f       0x1c ./Core/Src/kb.o
 .debug_macro   0x000000000001fe4b       0x52 ./Core/Src/kb.o
 .debug_macro   0x000000000001fe9d       0x22 ./Core/Src/kb.o
 .debug_macro   0x000000000001febf       0x10 ./Core/Src/kb.o
 .debug_macro   0x000000000001fecf       0x40 ./Core/Src/kb.o
 .debug_macro   0x000000000001ff0f       0xd5 ./Core/Src/kb.o
 .debug_macro   0x000000000001ffe4       0x1c ./Core/Src/kb.o
 .debug_macro   0x0000000000020000       0x3d ./Core/Src/kb.o
 .debug_macro   0x000000000002003d       0x16 ./Core/Src/kb.o
 .debug_macro   0x0000000000020053      0x145 ./Core/Src/kb.o
 .debug_macro   0x0000000000020198      0x3a7 ./Core/Src/main.o
 .debug_macro   0x000000000002053f      0x232 ./Core/Src/main.o
 .debug_macro   0x0000000000020771      0x382 ./Core/Src/pca9538.o
 .debug_macro   0x0000000000020af3      0x2d4 ./Core/Src/sdk_uart.o
 .debug_macro   0x0000000000020dc7       0x10 ./Core/Src/sdk_uart.o
 .debug_macro   0x0000000000020dd7       0x20 ./Core/Src/sdk_uart.o
 .debug_macro   0x0000000000020df7      0x219 ./Core/Src/sound_driver.o
 .debug_macro   0x0000000000021010      0x22c ./Core/Src/sound_driver.o
 .debug_macro   0x000000000002123c      0x1f2 ./Core/Src/stm32f4xx_hal_msp.o
 .debug_macro   0x000000000002142e      0x1fc ./Core/Src/stm32f4xx_it.o
 .debug_macro   0x000000000002162a       0xff ./Core/Src/sysmem.o
 .debug_macro   0x0000000000021729      0x23b ./Core/Src/sysmem.o
 .debug_macro   0x0000000000021964      0x1e8 ./Core/Src/system_stm32f4xx.o
 .debug_macro   0x0000000000021b4c      0x1fc ./Core/Src/tim.o
 .debug_macro   0x0000000000021d48      0x1fc ./Core/Src/usart.o
 .debug_macro   0x0000000000021f44      0x248 ./Drivers/STM32F4xx_HAL_Driver/Src/stm32f4xx_hal.o
 .debug_macro   0x000000000002218c      0x1e8 ./Drivers/STM32F4xx_HAL_Driver/Src/stm32f4xx_hal_cortex.o
 .debug_macro   0x0000000000022374      0x1ee ./Drivers/STM32F4xx_HAL_Driver/Src/stm32f4xx_hal_dma.o
 .debug_macro   0x0000000000022562      0x1ee ./Drivers/STM32F4xx_HAL_Driver/Src/stm32f4xx_hal_gpio.o
 .debug_macro   0x0000000000022750      0x22f ./Drivers/STM32F4xx_HAL_Driver/Src/stm32f4xx_hal_i2c.o
 .debug_macro   0x000000000002297f      0x20c ./Drivers/STM32F4xx_HAL_Driver/Src/stm32f4xx_hal_rcc.o
 .debug_macro   0x0000000000022b8b      0x1e9 ./Drivers/STM32F4xx_HAL_Driver/Src/stm32f4xx_hal_tim.o
 .debug_macro   0x0000000000022d74      0x1e8 ./Drivers/STM32F4xx_HAL_Driver/Src/stm32f4xx_hal_tim_ex.o
 .debug_macro   0x0000000000022f5c      0x1e9 ./Drivers/STM32F4xx_HAL_Driver/Src/stm32f4xx_hal_uart.o

.debug_line     0x0000000000000000    0x16b32
 .debug_line    0x0000000000000000      0x712 ./Core/Src/gpio.o
 .debug_line    0x0000000000000712      0x841 ./Core/Src/hal_driver.o
 .debug_line    0x0000000000000f53      0x767 ./Core/Src/i2c.o