main.c:95:6:buffer_init	16	static
main.c:100:6:buffer_add	16	static
main.c:105:5:buffer_read	16	static
main.c:114:6:keyboard_read	16	static
main.c:141:6:HAL_I2C_MemTxCpltCallback	16	static
main.c:147:6:HAL_I2C_MemRxCpltCallback	16	static
main.c:153:6:HAL_TIM_PeriodElapsedCallback	16	static
main.c:166:7:getNumber	24	static
main.c:173:20:getMathOperation	16	static
main.c:189:7:checkNumbertoOverflow	16	static
main.c:195:7:makeMathOperation	32	static
main.c:223:1:resetCalc	4	static
main.c:234:6:sendMessage	24	static
main.c:252:6:sendError	8	static
main.c:256:6:sendErrorAndReset	8	static
main.c:261:6:handle_calc	24	static
main.c:530:5:wholeNote	16	static
main.c:550:6:custom_melody_init	16	static
main.c:562:6:moveToNextMelodyPosition	4	static
main.c:568:6:handleInputEditingNote	16	static
main.c:609:6:handleInputEditingDelay	16	static
main.c:650:6:handleInputEditingTempo	16	static
main.c:690:6:handleInputPlaying	16	static
main.c:746:6:handleInputEditing	32	static
main.c:799:6:handleInput	16	static
main.c:828:5:main	72	static
main.c:974:6:SystemClock_Config	88	static
main.c:1018:6:Error_Handler	4	static,ignoring_inline_asm
