main.c:98:19:PCA9538_Read_Register	32	static
main.c:103:19:PCA9538_Write_Register	32	static
main.c:107:19:PCA9538_Read_Inputs	16	static
main.c:111:7:getNumber	24	static
main.c:118:20:getMathOperation	16	static
main.c:134:7:checkNumbertoOverflow	16	static
main.c:140:7:makeMathOperation	32	static
main.c:168:1:resetCalc	4	static
main.c:179:6:sendMessage	32	static
main.c:197:6:sendError	8	static
main.c:201:6:sendErrorAndReset	8	static
main.c:206:6:handle_calc	24	static
main.c:287:6:HAL_UART_RxCpltCallback	16	static
main.c:291:19:Set_Keyboard	16	static
main.c:312:9:Check_Row	24	static
main.c:403:5:main	56	static
main.c:475:6:SystemClock_Config	88	static
main.c:522:6:Error_Handler	4	static,ignoring_inline_asm
