main.c:83:7:getNumber	24	static
main.c:90:20:getMathOperation	16	static
main.c:106:7:checkNumbertoOverflow	16	static
main.c:112:7:makeMathOperation	32	static
main.c:140:1:resetCalc	4	static
main.c:151:6:sendMessage	32	static
main.c:169:6:sendError	8	static
main.c:173:6:sendErrorAndReset	8	static
main.c:178:6:handle_calc	24	static
main.c:259:6:HAL_UART_RxCpltCallback	16	static
main.c:274:5:main	32	static
main.c:354:6:SystemClock_Config	88	static
main.c:398:6:Error_Handler	4	static,ignoring_inline_asm
